Name	WER	Truth	Hypothesis	Insertions	Deletions	Substitutions
/opt/gpfs/users/shuai/work/block-conversion-b2/OmniVoice/results_b2_sweep/gs3p5/seedtts_zh/10002287-00000095.wav	0.09090909090909091	简 单 地 说 这 相 当 于 惠 普 把 消 费 领 域 市 场 拱 手 相 让 了	啊   简   单   的   说   这   相   当   于   惠   普   把   消   费   领   域   市   场   拱   手   相   让   了	1	0	1
/opt/gpfs/users/shuai/work/block-conversion-b2/OmniVoice/results_b2_sweep/gs3p5/seedtts_zh/10002287-00000099.wav	0.09090909090909091	可 是 对 另 外 两 台 音 调 失 准 怪 声 怪 气 的 琴 他 束 手 窝 策	可   是   对   另   外   两   台   音   调   湿   准   怪   声   怪   气   的   琴   他   束   手   倭   策	0	0	2
/opt/gpfs/users/shuai/work/block-conversion-b2/OmniVoice/results_b2_sweep/gs3p5/seedtts_zh/10002290-00000102.wav	0.09523809523809523	说 说 你 们 在 京 藏 高 速 怀 安 段 堵 车 现 场 看 到 的 情 况	呃   说   说   你   们   在   京   藏   高   速   淮   安   段   堵   车   现   场   看   到   的   情   况	1	0	1
/opt/gpfs/users/shuai/work/block-conversion-b2/OmniVoice/results_b2_sweep/gs3p5/seedtts_zh/10002290-00000011.wav	0.0	自 动 驾 驶 将 大 幅 提 升 出 行 安 全 效 率	自   动   驾   驶   将   大   幅   提   升   出   行   安   全   效   率	0	0	0
/opt/gpfs/users/shuai/work/block-conversion-b2/OmniVoice/results_b2_sweep/gs3p5/seedtts_zh/10002298-00000016.wav	0.0	共 同 建 设 面 向 未 来 的 交 通 和 出 行 服 务 新 生 态	共   同   建   设   面   向   未   来   的   交   通   和   出   行   服   务   新   生   态	0	0	0
/opt/gpfs/users/shuai/work/block-conversion-b2/OmniVoice/results_b2_sweep/gs3p5/seedtts_zh/10002298-00000019.wav	0.0	我 们 将 为 全 球 城 市 的 可 持 续 发 展 贡 献 力 量	我   们   将   为   全   球   城   市   的   可   持   续   发   展   贡   献   力   量	0	0	0
/opt/gpfs/users/shuai/work/block-conversion-b2/OmniVoice/results_b2_sweep/gs3p5/seedtts_zh/10002309-00000033.wav	0.0625	目 前 中 国 互 联 网 国 际 化 还 在 开 拓 阶 段	啊   目   前   中   国   互   联   网   国   际   化   还   在   开   拓   阶   段	1	0	0
/opt/gpfs/users/shuai/work/block-conversion-b2/OmniVoice/results_b2_sweep/gs3p5/seedtts_zh/10002309-00000011.wav	0.0	自 动 驾 驶 将 大 幅 提 升 出 行 安 全 效 率	自   动   驾   驶   将   大   幅   提   升   出   行   安   全   效   率	0	0	0
/opt/gpfs/users/shuai/work/block-conversion-b2/OmniVoice/results_b2_sweep/gs3p5/seedtts_zh/10002334-00000041.wav	0.0	经 济 发 展 是 城 市 高 效 宜 居 发 展 的 基 石	经   济   发   展   是   城   市   高   效   宜   居   发   展   的   基   石	0	0	0
/opt/gpfs/users/shuai/work/block-conversion-b2/OmniVoice/results_b2_sweep/gs3p5/seedtts_zh/10002334-00000043.wav	0.0	经 济 发 展 的 不 平 不 充 分 问 题 日 益 突 出	经   济   发   展   的   不   平   不   充   分   问   题   日   益   突   出	0	0	0
/opt/gpfs/users/shuai/work/block-conversion-b2/OmniVoice/results_b2_sweep/gs3p5/seedtts_zh/10002352-00000005.wav	0.0	女 性 可 以 成 为 成 功 的 科 学 家 工 程 师 和 程 序 员	女   性   可   以   成   为   成   功   的   科   学   家   工   程   师   和   程   序   员	0	0	0
/opt/gpfs/users/shuai/work/block-conversion-b2/OmniVoice/results_b2_sweep/gs3p5/seedtts_zh/10002352-00000049.wav	0.0	互 联 网 已 经 成 为 一 种 解 决 方 案 的 应 用 层	互   联   网   已   经   成   为   一   种   解   决   方   案   的   应   用   层	0	0	0
/opt/gpfs/users/shuai/work/block-conversion-b2/OmniVoice/results_b2_sweep/gs3p5/seedtts_zh/10002394-00000006.wav	0.0	只 有 当 科 技 为 本 地 社 群 创 造 价 值 的 时 候 才 真 正 有 意 义	只   有   当   科   技   为   本   地   社   群   创   造   价   值   的   时   候   才   真   正   有   意   义	0	0	0
/opt/gpfs/users/shuai/work/block-conversion-b2/OmniVoice/results_b2_sweep/gs3p5/seedtts_zh/10002394-00000011.wav	0.7333333333333333	自 动 驾 驶 将 大 幅 提 升 出 行 安 全 效 率	自   动   驾   驶	0	11	0
/opt/gpfs/users/shuai/work/block-conversion-b2/OmniVoice/results_b2_sweep/gs3p5/seedtts_zh/10002430-00000053.wav	0.0	媒 体 迅 速 把 丰 田 的 颓 势 与 日 本 衰 落 挂 钩	媒   体   迅   速   把   丰   田   的   颓   势   与   日   本   衰   落   挂   钩	0	0	0
/opt/gpfs/users/shuai/work/block-conversion-b2/OmniVoice/results_b2_sweep/gs3p5/seedtts_zh/10002430-00000015.wav	0.0625	目 前 共 享 出 行 市 场 处 于 高 速 增 长 阶 段	呃   目   前   共   享   出   行   市   场   处   于   高   速   增   长   阶   段	1	0	0
/opt/gpfs/users/shuai/work/block-conversion-b2/OmniVoice/results_b2_sweep/gs3p5/seedtts_zh/10002481-00000044.wav	0.05555555555555555	北 京 在 出 行 规 模 城 市 影 响 力 方 面 表 现 优 异	呃   北   京   在   出   行   规   模   城   市   影   响   力   方   面   表   现   优   异	1	0	0
/opt/gpfs/users/shuai/work/block-conversion-b2/OmniVoice/results_b2_sweep/gs3p5/seedtts_zh/10002481-00000105.wav	0.09090909090909091	就 在 营 救 进 行 的 同 时 楼 下 却 不 断 地 发 出 欢 呼 起 哄 声	呃   就   在   营   救   进   行   的   同   时   楼   下   却   不   断   的   发   出   欢   呼   起   哄   声	1	0	1
/opt/gpfs/users/shuai/work/block-conversion-b2/OmniVoice/results_b2_sweep/gs3p5/seedtts_zh/10002508-00000049.wav	0.058823529411764705	互 联 网 已 经 成 为 一 种 解 决 方 案 的 应 用 层	互   联   网   已   经   成   为   一   种   解   决   方   案   的   应   用   策	0	0	1
/opt/gpfs/users/shuai/work/block-conversion-b2/OmniVoice/results_b2_sweep/gs3p5/seedtts_zh/10002508-00000062.wav	0.0	值 班 警 长 陈 真 和 同 事 立 即 赶 往 事 发 地 工 商 银 行	值   班   警   长   陈   真   和   同   事   立   即   赶   往   事   发   地   工   商   银   行	0	0	0
/opt/gpfs/users/shuai/work/block-conversion-b2/OmniVoice/results_b2_sweep/gs3p5/seedtts_zh/10002526-00000044.wav	0.0	北 京 在 出 行 规 模 城 市 影 响 力 方 面 表 现 优 异	北   京   在   出   行   规   模   城   市   影   响   力   方   面   表   现   优   异	0	0	0
/opt/gpfs/users/shuai/work/block-conversion-b2/OmniVoice/results_b2_sweep/gs3p5/seedtts_zh/10002526-00000012.wav	1.0	产 业 互 联 网 时 代 面 临 很 多 安 全 挑 战		0	15	0
/opt/gpfs/users/shuai/work/block-conversion-b2/OmniVoice/results_b2_sweep/gs3p5/seedtts_zh/10002536-00000011.wav	0.0	自 动 驾 驶 将 大 幅 提 升 出 行 安 全 效 率	自   动   驾   驶   将   大   幅   提   升   出   行   安   全   效   率	0	0	0
/opt/gpfs/users/shuai/work/block-conversion-b2/OmniVoice/results_b2_sweep/gs3p5/seedtts_zh/10002536-00000061.wav	0.0	晃 眼 的 人 民 币 旁 更 多 的 是 生 命 的 无 奈	晃   眼   的   人   民   币   旁   更   多   的   是   生   命   的   无   奈	0	0	0
/opt/gpfs/users/shuai/work/block-conversion-b2/OmniVoice/results_b2_sweep/gs3p5/seedtts_zh/10002539-00000018.wav	0.0	打 造 更 贴 心 更 细 致 的 个 性 化 服 务	打   造   更   贴   心   更   细   致   的   个   性   化   服   务	0	0	0
/opt/gpfs/users/shuai/work/block-conversion-b2/OmniVoice/results_b2_sweep/gs3p5/seedtts_zh/10002539-00000054.wav	0.0	第 一 天 去 前 几 个 小 时 很 尴 尬 孤 零 零 的	第   一   天   去   前   几   个   小   时   很   尴   尬   孤   零   零   的	0	0	0
/opt/gpfs/users/shuai/work/block-conversion-b2/OmniVoice/results_b2_sweep/gs3p5/seedtts_zh/10002570-00000010.wav	0.0	真 正 落 地 成 为 产 品 服 务 进 入 每 个 人 的 生 活	真   正   落   地   成   为   产   品   服   务   进   入   每   个   人   的   生   活	0	0	0
/opt/gpfs/users/shuai/work/block-conversion-b2/OmniVoice/results_b2_sweep/gs3p5/seedtts_zh/10002570-00000006.wav	0.0	只 有 当 科 技 为 本 地 社 群 创 造 价 值 时 候 才 能 真 正 有 意 义	只   有   当   科   技   为   本   地   社   群   创   造   价   值   时   候   才   能   真   正   有   意   义	0	0	0
/opt/gpfs/users/shuai/work/block-conversion-b2/OmniVoice/results_b2_sweep/gs3p5/seedtts_zh/10002698-00000092.wav	0.0	通 过 调 查 将 筛 选 出 一 批 口 味 令 消 费 者 满 意 的 产 品	通   过   调   查   将   筛   选   出   一   批   口   味   令   消   费   者   满   意   的   产   品	0	0	0
/opt/gpfs/users/shuai/work/block-conversion-b2/OmniVoice/results_b2_sweep/gs3p5/seedtts_zh/10002698-00000106.wav	0.0	此 外 还 有 毒 蛇 蟒 蛇 经 常 出 现 给 发 展 生 造 成 许 多 困 难	此   外   还   有   毒   蛇   蟒   蛇   经   常   出   现   给   发   展   生   造   成   许   多   困   难	0	0	0
/opt/gpfs/users/shuai/work/block-conversion-b2/OmniVoice/results_b2_sweep/gs3p5/seedtts_zh/10002702-00000051.wav	0.0	这 些 医 疗 队 的 医 生 们 克 服 高 寒 缺 氧 交 通 不 便 等 困 难	这   些   医   疗   队   的   医   生   们   克   服   高   寒   缺   氧   交   通   不   便   等   困   难	0	0	0
/opt/gpfs/users/shuai/work/block-conversion-b2/OmniVoice/results_b2_sweep/gs3p5/seedtts_zh/10002702-00000007.wav	0.0	创 业 需 要 激 情 更 需 要 强 烈 的 社 会 责 任 感	创   业   需   要   激   情   更   需   要   强   烈   的   社   会   责   任   感	0	0	0
/opt/gpfs/users/shuai/work/block-conversion-b2/OmniVoice/results_b2_sweep/gs3p5/seedtts_zh/10002730-00000043.wav	0.0	经 济 发 展 的 不 平 衡 不 充 分 问 题 日 益 突 出	经   济   发   展   的   不   平   衡   不   充   分   问   题   日   益   突   出	0	0	0
/opt/gpfs/users/shuai/work/block-conversion-b2/OmniVoice/results_b2_sweep/gs3p5/seedtts_zh/10002730-00000095.wav	0.0	但 是 这 个 大 坝 仍 然 不 排 除 垮 坝 的 可 能 性	但   是   这   个   大   坝   仍   然   不   排   除   垮   坝   的   可   能   性	0	0	0
/opt/gpfs/users/shuai/work/block-conversion-b2/OmniVoice/results_b2_sweep/gs3p5/seedtts_zh/10002733-00000021.wav	0.0	导 航 开 始 全 程 二 十 五 公 里 预 计 需 要 十 二 分 钟	导   航   开   始   全   程   二   十   五   公   里   预   计   需   要   十   二   分   钟	0	0	0
/opt/gpfs/users/shuai/work/block-conversion-b2/OmniVoice/results_b2_sweep/gs3p5/seedtts_zh/10002733-00000009.wav	0.0	通 过 创 新 技 术 让 未 来 出 行 更 加 安 全 高 效	通   过   创   新   技   术   让   未   来   出   行   更   加   安   全   高   效	0	0	0
/opt/gpfs/users/shuai/work/block-conversion-b2/OmniVoice/results_b2_sweep/gs3p5/seedtts_zh/10002739-00000011.wav	0.0	自 动 驾 驶 将 大 幅 提 升 出 行 安 全 效 率	自   动   驾   驶   将   大   幅   提   升   出   行   安   全   效   率	0	0	0
/opt/gpfs/users/shuai/work/block-conversion-b2/OmniVoice/results_b2_sweep/gs3p5/seedtts_zh/10002739-00000101.wav	0.0	这 不 是 变 魔 术 而 是 添 加 剂 让 腐 朽 变 神 奇	这   不   是   变   魔   术   而   是   添   加   剂   让   腐   朽   变   神   奇	0	0	0
/opt/gpfs/users/shuai/work/block-conversion-b2/OmniVoice/results_b2_sweep/gs3p5/seedtts_zh/10002740-00000016.wav	0.0	共 同 建 设 面 向 未 来 的 交 通 和 出 行 服 务 新 生 态	共   同   建   设   面   向   未   来   的   交   通   和   出   行   服   务   新   生   态	0	0	0
/opt/gpfs/users/shuai/work/block-conversion-b2/OmniVoice/results_b2_sweep/gs3p5/seedtts_zh/10002740-00000052.wav	0.0	他 们 脱 掉 笨 重 的 冬 衣 走 起 路 来 腰 杆 挺 直 步 履 轻 盈	他   们   脱   掉   笨   重   的   冬   衣   走   起   路   来   腰   杆   挺   直   步   履   轻   盈	0	0	0
/opt/gpfs/users/shuai/work/block-conversion-b2/OmniVoice/results_b2_sweep/gs3p5/seedtts_zh/10002743-00000102.wav	0.13636363636363635	近 三 周 来 他 凭 着 一 股 倔 脾 气 对 这 个 动 作 练 得 特 别 狠	啊   近   三   周   来   他   凭   着   一   股   倔   脾   气   对   这   个   动   作   练   的   特   别   狠   嗯	2	0	1
/opt/gpfs/users/shuai/work/block-conversion-b2/OmniVoice/results_b2_sweep/gs3p5/seedtts_zh/10002743-00000006.wav	0.0	只 有 当 科 技 为 本 地 社 群 创 造 价 值 的 时 候 才 真 正 有 意 义	只   有   当   科   技   为   本   地   社   群   创   造   价   值   的   时   候   才   真   正   有   意   义	0	0	0
/opt/gpfs/users/shuai/work/block-conversion-b2/OmniVoice/results_b2_sweep/gs3p5/seedtts_zh/10002745-00000009.wav	0.0	通 过 创 新 技 术 让 未 来 出 行 更 加 安 全 高 效	通   过   创   新   技   术   让   未   来   出   行   更   加   安   全   高   效	0	0	0
/opt/gpfs/users/shuai/work/block-conversion-b2/OmniVoice/results_b2_sweep/gs3p5/seedtts_zh/10002745-00000044.wav	0.0	北 京 在 出 行 规 模 城 市 影 响 力 方 面 表 现 优 异	北   京   在   出   行   规   模   城   市   影   响   力   方   面   表   现   优   异	0	0	0
/opt/gpfs/users/shuai/work/block-conversion-b2/OmniVoice/results_b2_sweep/gs3p5/seedtts_zh/10002750-00000099.wav	0.09090909090909091	认 为 它 可 能 是 唯 一 能 打 破 微 软 垄 断 地 位 的 操 作 系 统	哦   认   为   他   可   能   是   唯   一   能   打   破   微   软   垄   断   地   位   的   操   作   系   统	1	0	1
/opt/gpfs/users/shuai/work/block-conversion-b2/OmniVoice/results_b2_sweep/gs3p5/seedtts_zh/10002750-00000006.wav	0.0	只 有 当 科 技 为 本 地 社 群 创 造 价 值 的 时 候 才 真 正 有 意 义	只   有   当   科   技   为   本   地   社   群   创   造   价   值   的   时   候   才   真   正   有   意   义	0	0	0
/opt/gpfs/users/shuai/work/block-conversion-b2/OmniVoice/results_b2_sweep/gs3p5/seedtts_zh/10002751-00000060.wav	0.0	我 开 始 跟 随 周 老 从 事 了 长 达 数 十 年 的 喘 流 研 究 工 作	我   开   始   跟   随   周   老   从   事   了   长   达   数   十   年   的   喘   流   研   究   工   作	0	0	0
/opt/gpfs/users/shuai/work/block-conversion-b2/OmniVoice/results_b2_sweep/gs3p5/seedtts_zh/10002751-00000071.wav	0.045454545454545456	只 要 狗 一 叫 耿 素 林 就 得 起 来 瞅 瞅 看 是 不 是 来 了 外 人	啊   只   要   狗   一   叫   耿   素   林   就   得   起   来   瞅   瞅   看   是   不   是   来   了   外   人	1	0	0
/opt/gpfs/users/shuai/work/block-conversion-b2/OmniVoice/results_b2_sweep/gs3p5/seedtts_zh/10002752-00000033.wav	0.0625	目 前 中 国 互 联 网 国 际 化 还 在 开 拓 阶 段	啊   目   前   中   国   互   联   网   国   际   化   还   在   开   拓   阶   段	1	0	0
/opt/gpfs/users/shuai/work/block-conversion-b2/OmniVoice/results_b2_sweep/gs3p5/seedtts_zh/10002752-00000006.wav	0.0	只 有 当 科 技 为 本 地 社 群 创 造 价 值 的 时 候 才 真 正 有 意 义	只   有   当   科   技   为   本   地   社   群   创   造   价   值   的   时   候   才   真   正   有   意   义	0	0	0
/opt/gpfs/users/shuai/work/block-conversion-b2/OmniVoice/results_b2_sweep/gs3p5/seedtts_zh/10002753-00000006.wav	0.043478260869565216	只 有 当 科 技 为 本 地 社 群 创 造 价 值 的 时 候 才 真 正 有 意 义	呃   只   有   当   科   技   为   本   地   社   群   创   造   价   值   的   时   候   才   真   正   有   意   义	1	0	0
/opt/gpfs/users/shuai/work/block-conversion-b2/OmniVoice/results_b2_sweep/gs3p5/seedtts_zh/10002753-00000069.wav	0.0	我 们 当 迎 着 阳 光 辛 勤 耕 作 去 摘 取 去 制 作 去 品 尝 去 馈 赠	我   们   当   迎   着   阳   光   辛   勤   耕   作   去   摘   取   去   制   作   去   品   尝   去   馈   赠	0	0	0
/opt/gpfs/users/shuai/work/block-conversion-b2/OmniVoice/results_b2_sweep/gs3p5/seedtts_zh/10002754-00000006.wav	0.0	只 有 当 科 技 为 本 地 社 群 创 造 价 值 的 时 候 才 真 正 有 意 义	只   有   当   科   技   为   本   地   社   群   创   造   价   值   的   时   候   才   真   正   有   意   义	0	0	0
/opt/gpfs/users/shuai/work/block-conversion-b2/OmniVoice/results_b2_sweep/gs3p5/seedtts_zh/10002754-00000100.wav	0.0	一 副 巨 大 的 对 联 贴 在 拉 萨 市 水 泥 厂 礼 堂 的 门 柱 上	一   副   巨   大   的   对   联   贴   在   拉   萨   市   水   泥   厂   礼   堂   的   门   柱   上	0	0	0
/opt/gpfs/users/shuai/work/block-conversion-b2/OmniVoice/results_b2_sweep/gs3p5/seedtts_zh/10002756-00000021.wav	0.10526315789473684	导 航 开 始 全 程 二 十 五 公 里 预 计 需 要 十 二 分 钟	啊   导   航   开   始   全   程   二   十   五   公   里   预   计   需   要   十   二   分   钟   嗯	2	0	0
/opt/gpfs/users/shuai/work/block-conversion-b2/OmniVoice/results_b2_sweep/gs3p5/seedtts_zh/10002756-00000074.wav	0.0	大 坝 另 一 端 的 黄 河 三 峡 高 峡 平 湖 气 象 万 千	大   坝   另   一   端   的   黄   河   三   峡   高   峡   平   湖   气   象   万   千	0	0	0
/opt/gpfs/users/shuai/work/block-conversion-b2/OmniVoice/results_b2_sweep/gs3p5/seedtts_zh/10002823-00000012.wav	0.0	产 业 互 联 网 时 代 面 临 很 多 安 全 挑 战	产   业   互   联   网   时   代   面   临   很   多   安   全   挑   战	0	0	0
/opt/gpfs/users/shuai/work/block-conversion-b2/OmniVoice/results_b2_sweep/gs3p5/seedtts_zh/10002823-00000011.wav	1.0	自 动 驾 驶 将 大 幅 提 升 出 行 安 全 效 率	啊	0	14	1
/opt/gpfs/users/shuai/work/block-conversion-b2/OmniVoice/results_b2_sweep/gs3p5/seedtts_zh/10002829-00000016.wav	0.0	共 同 建 设 面 向 未 来 的 交 通 和 出 行 服 务 新 生 态	共   同   建   设   面   向   未   来   的   交   通   和   出   行   服   务   新   生   态	0	0	0
/opt/gpfs/users/shuai/work/block-conversion-b2/OmniVoice/results_b2_sweep/gs3p5/seedtts_zh/10002829-00000062.wav	0.0	他 就 想 把 大 家 聚 在 一 起 吐 槽 说 说 工 作 中 的 问 题	他   就   想   把   大   家   聚   在   一   起   吐   槽   说   说   工   作   中   的   问   题	0	0	0
/opt/gpfs/users/shuai/work/block-conversion-b2/OmniVoice/results_b2_sweep/gs3p5/seedtts_zh/10002830-00000090.wav	0.0	他 拿 起 柴 刀 胡 乱 挥 舞 凶 猛 的 藏 獒 躲 到 了 一 边	他   拿   起   柴   刀   胡   乱   挥   舞   凶   猛   的   藏   獒   躲   到   了   一   边	0	0	0
/opt/gpfs/users/shuai/work/block-conversion-b2/OmniVoice/results_b2_sweep/gs3p5/seedtts_zh/10002830-00000039.wav	0.0	全 球 每 年 有 超 过 一 百 三 十 五 万 人 因 交 通 事 故 而 死 亡	全   球   每   年   有   超   过   一   百   三   十   五   万   人   因   交   通   事   故   而   死   亡	0	0	0
/opt/gpfs/users/shuai/work/block-conversion-b2/OmniVoice/results_b2_sweep/gs3p5/seedtts_zh/10002831-00000075.wav	0.047619047619047616	烟 雨 弥 漫 下 山 环 绕 着 水 耸 立 着 水 环 绕 着 山 流 淌 着	哦   烟   雨   弥   漫   下   山   环   绕   着   水   耸   立   着   水   环   绕   着   山   流   淌   着	1	0	0
/opt/gpfs/users/shuai/work/block-conversion-b2/OmniVoice/results_b2_sweep/gs3p5/seedtts_zh/10002831-00000090.wav	0.10526315789473684	他 拿 起 柴 刀 胡 乱 挥 舞 凶 猛 的 藏 獒 躲 到 了 一 边	啊   他   拿   起   柴   刀   胡   乱   挥   舞   凶   猛   的   藏   獒   躲   到   了   一   边   哦	2	0	0
/opt/gpfs/users/shuai/work/block-conversion-b2/OmniVoice/results_b2_sweep/gs3p5/seedtts_zh/10002832-00000021.wav	0.047619047619047616	导 航 导 航 开 始 全 程 二 十 五 公 里 预 计 需 要 十 二 分 钟	导   导   航   开   始   全   程   二   十   五   公   里   预   计   需   要   十   二   分   钟	0	1	0
/opt/gpfs/users/shuai/work/block-conversion-b2/OmniVoice/results_b2_sweep/gs3p5/seedtts_zh/10002832-00000056.wav	0.0	金 沙 江 内 水 位 虽 然 不 是 很 高 但 浑 浊 的 江 水 依 依 然 湍 急	金   沙   江   内   水   位   虽   然   不   是   很   高   但   浑   浊   的   江   水   依   依   然   湍   急	0	0	0
/opt/gpfs/users/shuai/work/block-conversion-b2/OmniVoice/results_b2_sweep/gs3p5/seedtts_zh/10002833-00000104.wav	0.0	遗 憾 的 是 看 不 见 窗 外 的 景 致	遗   憾   的   是   看   不   见   窗   外   的   景   致	0	0	0
/opt/gpfs/users/shuai/work/block-conversion-b2/OmniVoice/results_b2_sweep/gs3p5/seedtts_zh/10002833-00000060.wav	0.09090909090909091	喜 欢 爬 树 玩 球 还 是 捉 蝴 蝶	啊   喜   欢   爬   树   玩   球   还   是   捉   蝴   蝶	1	0	0
/opt/gpfs/users/shuai/work/block-conversion-b2/OmniVoice/results_b2_sweep/gs3p5/seedtts_zh/10002834-00000005.wav	0.0	女 性 可 以 成 为 成 功 的 科 学 家 工 程 师 和 程 序 员	女   性   可   以   成   为   成   功   的   科   学   家   工   程   师   和   程   序   员	0	0	0
/opt/gpfs/users/shuai/work/block-conversion-b2/OmniVoice/results_b2_sweep/gs3p5/seedtts_zh/10002834-00000009.wav	0.0	通 过 创 新 技 术 让 未 来 出 行 更 加 安 全 高 效	通   过   创   新   技   术   让   未   来   出   行   更   加   安   全   高   效	0	0	0
/opt/gpfs/users/shuai/work/block-conversion-b2/OmniVoice/results_b2_sweep/gs3p5/seedtts_zh/10002841-00000006.wav	0.0	只 有 当 科 技 为 本 地 社 群 创 造 价 值 的 时 候 才 真 正 有 意 义	只   有   当   科   技   为   本   地   社   群   创   造   价   值   的   时   候   才   真   正   有   意   义	0	0	0
/opt/gpfs/users/shuai/work/block-conversion-b2/OmniVoice/results_b2_sweep/gs3p5/seedtts_zh/10002841-00000044.wav	0.0	北 京 在 出 行 规 模 城 市 影 响 力 方 面 表 现 优 异	北   京   在   出   行   规   模   城   市   影   响   力   方   面   表   现   优   异	0	0	0
/opt/gpfs/users/shuai/work/block-conversion-b2/OmniVoice/results_b2_sweep/gs3p5/seedtts_zh/10002842-00000052.wav	0.0	有 多 少 次 急 于 用 款 的 企 业 主 拿 着 所 谓 回 扣 找 左 慧 英	有   多   少   次   急   于   用   款   的   企   业   主   拿   着   所   谓   回   扣   找   左   慧   英	0	0	0
/opt/gpfs/users/shuai/work/block-conversion-b2/OmniVoice/results_b2_sweep/gs3p5/seedtts_zh/10002842-00000072.wav	0.0	就 在 营 救 进 行 的 同 时 楼 下 却 不 断 地 发 出 欢 呼 起 哄 声	就   在   营   救   进   行   的   同   时   楼   下   却   不   断   地   发   出   欢   呼   起   哄   声	0	0	0
/opt/gpfs/users/shuai/work/block-conversion-b2/OmniVoice/results_b2_sweep/gs3p5/seedtts_zh/10002844-00000016.wav	0.0	共 同 建 设 面 向 未 来 的 交 通 和 出 行 服 务 新 生 态	共   同   建   设   面   向   未   来   的   交   通   和   出   行   服   务   新   生   态	0	0	0
/opt/gpfs/users/shuai/work/block-conversion-b2/OmniVoice/results_b2_sweep/gs3p5/seedtts_zh/10002844-00000006.wav	0.0	只 有 当 科 技 为 本 地 社 群 创 造 价 值 的 时 候 才 真 正 有 意 义	只   有   当   科   技   为   本   地   社   群   创   造   价   值   的   时   候   才   真   正   有   意   义	0	0	0
/opt/gpfs/users/shuai/work/block-conversion-b2/OmniVoice/results_b2_sweep/gs3p5/seedtts_zh/10002846-00000051.wav	0.0	民 警 觉 得 这 简 直 是 在 开 玩 笑 他 转 身 去 打 电 话	民   警   觉   得   这   简   直   是   在   开   玩   笑   他   转   身   去   打   电   话	0	0	0
/opt/gpfs/users/shuai/work/block-conversion-b2/OmniVoice/results_b2_sweep/gs3p5/seedtts_zh/10002846-00000078.wav	0.043478260869565216	有 朋 友 告 诫 我 地 铁 里 常 有 抢 劫 案 发 生 一 定 要 多 加 防 备	啊   有   朋   友   告   诫   我   地   铁   里   常   有   抢   劫   案   发   生   一   定   要   多   加   防   备	1	0	0
/opt/gpfs/users/shuai/work/block-conversion-b2/OmniVoice/results_b2_sweep/gs3p5/seedtts_zh/10002848-00000088.wav	0.0	通 过 调 查 将 筛 选 出 一 批 口 味 令 人 消 费 者 满 意 的 产 品	通   过   调   查   将   筛   选   出   一   批   口   味   令   人   消   费   者   满   意   的   产   品	0	0	0
/opt/gpfs/users/shuai/work/block-conversion-b2/OmniVoice/results_b2_sweep/gs3p5/seedtts_zh/10002848-00000018.wav	0.06666666666666667	打 造 更 贴 心 更 细 致 的 个 人 性 化 服 务	哦   打   造   更   贴   心   更   细   致   的   个   人   性   化   服   务	1	0	0
/opt/gpfs/users/shuai/work/block-conversion-b2/OmniVoice/results_b2_sweep/gs3p5/seedtts_zh/10002850-00000039.wav	0.0	全 球 每 年 有 超 过 一 百 三 十 五 万 人 因 交 通 事 故 而 死 亡	全   球   每   年   有   超   过   一   百   三   十   五   万   人   因   交   通   事   故   而   死   亡	0	0	0
/opt/gpfs/users/shuai/work/block-conversion-b2/OmniVoice/results_b2_sweep/gs3p5/seedtts_zh/10002850-00000016.wav	0.0	共 同 建 设 面 向 未 来 的 交 通 和 出 行 服 务 新 生 态	共   同   建   设   面   向   未   来   的   交   通   和   出   行   服   务   新   生   态	0	0	0
/opt/gpfs/users/shuai/work/block-conversion-b2/OmniVoice/results_b2_sweep/gs3p5/seedtts_zh/10002852-00000009.wav	0.11764705882352941	通 过 创 新 技 术 让 未 来 出 行 更 加 安 全 高 效	呃   通   过   创   新   技   术   让   未   来   出   行   更   加   安   全   高   效   啊	2	0	0
/opt/gpfs/users/shuai/work/block-conversion-b2/OmniVoice/results_b2_sweep/gs3p5/seedtts_zh/10002852-00000035.wav	0.0	体 验 是 用 户 感 知 是 主 观 的 用 户 价 值	体   验   是   用   户   感   知   是   主   观   的   用   户   价   值	0	0	0
/opt/gpfs/users/shuai/work/block-conversion-b2/OmniVoice/results_b2_sweep/gs3p5/seedtts_zh/10002853-00000067.wav	0.0	小 数 点 问 题 不 是 政 府 的 责 任 是 专 家 学 者 的 责 任	小   数   点   问   题   不   是   政   府   的   责   任   是   专   家   学   者   的   责   任	0	0	0
/opt/gpfs/users/shuai/work/block-conversion-b2/OmniVoice/results_b2_sweep/gs3p5/seedtts_zh/10002853-00000010.wav	0.0	真 正 落 地 成 为 产 品 服 务 进 入 每 个 人 的 生 活	真   正   落   地   成   为   产   品   服   务   进   入   每   个   人   的   生   活	0	0	0
/opt/gpfs/users/shuai/work/block-conversion-b2/OmniVoice/results_b2_sweep/gs3p5/seedtts_zh/10002854-00000077.wav	0.058823529411764705	他 笑 着 说 江 苏 现 在 是 一 半 火 焰 一 半 海 水	啊   他   笑   着   说   江   苏   现   在   是   一   半   火   焰   一   半   海   水	1	0	0
/opt/gpfs/users/shuai/work/block-conversion-b2/OmniVoice/results_b2_sweep/gs3p5/seedtts_zh/10002854-00000019.wav	0.0	我 们 将 为 全 球 城 市 的 可 持 续 发 展 贡 献 力 量	我   们   将   为   全   球   城   市   的   可   持   续   发   展   贡   献   力   量	0	0	0
/opt/gpfs/users/shuai/work/block-conversion-b2/OmniVoice/results_b2_sweep/gs3p5/seedtts_zh/10002858-00000038.wav	0.0	拼 车 将 会 是 解 决 交 通 拥 堵 非 常 有 效 的 方 式	拼   车   将   会   是   解   决   交   通   拥   堵   非   常   有   效   的   方   式	0	0	0
/opt/gpfs/users/shuai/work/block-conversion-b2/OmniVoice/results_b2_sweep/gs3p5/seedtts_zh/10002858-00000098.wav	0.0	希 望 他 会 悔 改 吧 人 的 忍 耐 都 是 有 限 度 的	希   望   他   会   悔   改   吧   人   的   忍   耐   都   是   有   限   度   的	0	0	0
/opt/gpfs/users/shuai/work/block-conversion-b2/OmniVoice/results_b2_sweep/gs3p5/seedtts_zh/10002893-00000016.wav	0.0	共 同 建 设 面 向 未 来 的 交 通 和 出 行 服 务 新 生 态	共   同   建   设   面   向   未   来   的   交   通   和   出   行   服   务   新   生   态	0	0	0
/opt/gpfs/users/shuai/work/block-conversion-b2/OmniVoice/results_b2_sweep/gs3p5/seedtts_zh/10002893-00000098.wav	0.0	各 级 领 导 部 门 连 夜 统 计 本 单 位 参 加 抢 救 的 人 员 名 单	各   级   领   导   部   门   连   夜   统   计   本   单   位   参   加   抢   救   的   人   员   名   单	0	0	0
/opt/gpfs/users/shuai/work/block-conversion-b2/OmniVoice/results_b2_sweep/gs3p5/seedtts_zh/10002895-00000099.wav	0.0	反 季 了 姚 大 叔 想 在 他 的 绿 色 大 棚 再 种 些 番 茄	反   季   了   姚   大   叔   想   在   他   的   绿   色   大   棚   再   种   些   番   茄	0	0	0
/opt/gpfs/users/shuai/work/block-conversion-b2/OmniVoice/results_b2_sweep/gs3p5/seedtts_zh/10002895-00000015.wav	0.0	目 前 共 享 出 行 市 场 处 于 高 速 增 长 阶 段	目   前   共   享   出   行   市   场   处   于   高   速   增   长   阶   段	0	0	0
/opt/gpfs/users/shuai/work/block-conversion-b2/OmniVoice/results_b2_sweep/gs3p5/seedtts_zh/10002896-00000021.wav	0.0	导 航 开 始 全 程 二 十 五 公 里 预 计 需 要 十 二 分 钟	导   航   开   始   全   程   二   十   五   公   里   预   计   需   要   十   二   分   钟	0	0	0
/opt/gpfs/users/shuai/work/block-conversion-b2/OmniVoice/results_b2_sweep/gs3p5/seedtts_zh/10002896-00000065.wav	0.0	横 祸 来 临 后 他 正 在 上 高 三 的 儿 女 不 得 不 辍 学 打 工	横   祸   来   临   后   他   正   在   上   高   三   的   儿   女   不   得   不   辍   学   打   工	0	0	0
/opt/gpfs/users/shuai/work/block-conversion-b2/OmniVoice/results_b2_sweep/gs3p5/seedtts_zh/10002899-00000084.wav	0.0	烧 猪 肉 水 煮 马 铃 薯 油 煎 香 菇 醋 溜 鱼 片 和 火 腿 冬 瓜 汤	烧   猪   肉   水   煮   马   铃   薯   油   煎   香   菇   醋   溜   鱼   片   和   火   腿   冬   瓜   汤	0	0	0
/opt/gpfs/users/shuai/work/block-conversion-b2/OmniVoice/results_b2_sweep/gs3p5/seedtts_zh/10002899-00000021.wav	0.05263157894736842	导 航 开 始 全 程 二 十 五 公 里 预 计 需 要 十 二 分 钟	导   航   开   始   全   程   二   十   五   公   里   预   计   需   要   十   二   分   钟   嗯	1	0	0
/opt/gpfs/users/shuai/work/block-conversion-b2/OmniVoice/results_b2_sweep/gs3p5/seedtts_zh/10002905-00000006.wav	0.041666666666666664	只 有 当 科 科 技 为 本 地 社 群 创 造 价 值 的 时 候 才 真 正 有 意 义	呃   只   有   当   科   科   技   为   本   地   社   群   创   造   价   值   的   时   候   才   真   正   有   意   义	1	0	0
/opt/gpfs/users/shuai/work/block-conversion-b2/OmniVoice/results_b2_sweep/gs3p5/seedtts_zh/10002905-00000010.wav	0.1111111111111111	真 正 落 地 成 为 产 品 服 务 进 入 每 个 人 的 生 活	啊   真   正   落   地   成   为   产   品   服   务   进   入   每   个   人   的   生   活   啊	2	0	0
/opt/gpfs/users/shuai/work/block-conversion-b2/OmniVoice/results_b2_sweep/gs3p5/seedtts_zh/10002925-00000049.wav	0.0	互 联 网 已 经 成 为 一 种 解 决 方 案 的 应 用 层	互   联   网   已   经   成   为   一   种   解   决   方   案   的   应   用   层	0	0	0
/opt/gpfs/users/shuai/work/block-conversion-b2/OmniVoice/results_b2_sweep/gs3p5/seedtts_zh/10002925-00000001.wav	0.0	顺 风 时 提 高 警 惕 逆 风 时 笃 定 前 行	顺   风   时   提   高   警   惕   逆   风   时   笃   定   前   行	0	0	0
/opt/gpfs/users/shuai/work/block-conversion-b2/OmniVoice/results_b2_sweep/gs3p5/seedtts_zh/10002995-00000058.wav	0.0	人 们 也 可 以 知 道 戏 快 要 开 演 了	人   们   也   可   以   知   道   戏   快   要   开   演   了	0	0	0
/opt/gpfs/users/shuai/work/block-conversion-b2/OmniVoice/results_b2_sweep/gs3p5/seedtts_zh/10002995-00000038.wav	0.0	拼 车 将 会 是 解 决 交 通 拥 堵 非 常 有 效 的 方 式	拼   车   将   会   是   解   决   交   通   拥   堵   非   常   有   效   的   方   式	0	0	0
/opt/gpfs/users/shuai/work/block-conversion-b2/OmniVoice/results_b2_sweep/gs3p5/seedtts_zh/10002996-00000016.wav	0.0	共 同 建 设 面 向 未 来 的 交 通 和 出 行 服 务 新 生 态	共   同   建   设   面   向   未   来   的   交   通   和   出   行   服   务   新   生   态	0	0	0
/opt/gpfs/users/shuai/work/block-conversion-b2/OmniVoice/results_b2_sweep/gs3p5/seedtts_zh/10002996-00000051.wav	0.0	其 中 住 宅 类 土 地 成 交 额 环 比 大 涨 百 分 之 一 百 零 一 点 一	其   中   住   宅   类   土   地   成   交   额   环   比   大   涨   百   分   之   一   百   零   一   点   一	0	0	0
/opt/gpfs/users/shuai/work/block-conversion-b2/OmniVoice/results_b2_sweep/gs3p5/seedtts_zh/10003094-00000006.wav	0.0	只 有 当 科 技 为 本 地 社 群 创 造 价 值 的 时 候 才 能 真 正 有 意 义	只   有   当   科   技   为   本   地   社   群   创   造   价   值   的   时   候   才   能   真   正   有   意   义	0	0	0
/opt/gpfs/users/shuai/work/block-conversion-b2/OmniVoice/results_b2_sweep/gs3p5/seedtts_zh/10003094-00000044.wav	0.0	北 京 在 出 行 规 模 城 市 影 响 力 方 面 表 现 异 常 优 异	北   京   在   出   行   规   模   城   市   影   响   力   方   面   表   现   异   常   优   异	0	0	0
/opt/gpfs/users/shuai/work/block-conversion-b2/OmniVoice/results_b2_sweep/gs3p5/seedtts_zh/10003102-00000076.wav	0.0	看 来 我 是 唯 一 不 写 博 客 的 人	看   来   我   是   唯   一   不   写   博   客   的   人	0	0	0
/opt/gpfs/users/shuai/work/block-conversion-b2/OmniVoice/results_b2_sweep/gs3p5/seedtts_zh/10003102-00000038.wav	0.0	拼 车 将 会 是 解 决 交 通 拥 堵 非 常 有 效 的 方 式	拼   车   将   会   是   解   决   交   通   拥   堵   非   常   有   效   的   方   式	0	0	0
/opt/gpfs/users/shuai/work/block-conversion-b2/OmniVoice/results_b2_sweep/gs3p5/seedtts_zh/10003152-00000039.wav	0.0	全 球 每 年 有 超 过 一 百 三 十 五 万 人 因 交 通 故 事 故 而 死 亡	全   球   每   年   有   超   过   一   百   三   十   五   万   人   因   交   通   故   事   故   而   死   亡	0	0	0
/opt/gpfs/users/shuai/work/block-conversion-b2/OmniVoice/results_b2_sweep/gs3p5/seedtts_zh/10003152-00000108.wav	0.05263157894736842	传 统 吃 法 是 白 切 口 感 清 淡 肉 质 滑 嫩 原 汁 原 味	呃   传   统   吃   法   是   白   切   口   感   清   淡   肉   质   滑   嫩   原   汁   原   味	1	0	0
/opt/gpfs/users/shuai/work/block-conversion-b2/OmniVoice/results_b2_sweep/gs3p5/seedtts_zh/10003217-00000065.wav	0.0	射 门 区 是 对 方 球 门 前 的 一 个 大 致 呈 半 圆 形 的 区 域	射   门   区   是   对   方   球   门   前   的   一   个   大   致   呈   半   圆   形   的   区   域	0	0	0
/opt/gpfs/users/shuai/work/block-conversion-b2/OmniVoice/results_b2_sweep/gs3p5/seedtts_zh/10003217-00000016.wav	0.0	共 同 建 设 面 向 未 来 的 交 通 和 出 行 服 务 新 生 态	共   同   建   设   面   向   未   来   的   交   通   和   出   行   服   务   新   生   态	0	0	0
/opt/gpfs/users/shuai/work/block-conversion-b2/OmniVoice/results_b2_sweep/gs3p5/seedtts_zh/10003220-00000046.wav	0.16666666666666666	要 保 持 独 立 思 独 立 思 独 立 思 考 结 构 化 思 维	要   保   持   独   立   思   独   立   思   考   结   构   化   思   维	0	3	0
/opt/gpfs/users/shuai/work/block-conversion-b2/OmniVoice/results_b2_sweep/gs3p5/seedtts_zh/10003220-00000036.wav	0.0	确 验 确 实 是 主 观 的 无 法 被 量 化	确   验   确   实   是   主   观   的   无   法   被   量   化	0	0	0
/opt/gpfs/users/shuai/work/block-conversion-b2/OmniVoice/results_b2_sweep/gs3p5/seedtts_zh/10003229-00000051.wav	0.0	他 们 第 一 时 间 就 把 六 七 楼 的 客 人 救 下 去 了	他   们   第   一   时   间   就   把   六   七   楼   的   客   人   救   下   去   了	0	0	0
/opt/gpfs/users/shuai/work/block-conversion-b2/OmniVoice/results_b2_sweep/gs3p5/seedtts_zh/10003229-00000056.wav	0.0	上 下 班 耗 费 的 时 间 影 响 着 人 们 对 工 作 的 满 意 度	上   下   班   耗   费   的   时   间   影   响   着   人   们   对   工   作   的   满   意   度	0	0	0
/opt/gpfs/users/shuai/work/block-conversion-b2/OmniVoice/results_b2_sweep/gs3p5/seedtts_zh/10003241-00000061.wav	0.0	但 三 国 志 中 的 曹 操 不 念 旧 恶 坦 坦 荡 荡	但   三   国   志   中   的   曹   操   不   念   旧   恶   坦   坦   荡   荡	0	0	0
/opt/gpfs/users/shuai/work/block-conversion-b2/OmniVoice/results_b2_sweep/gs3p5/seedtts_zh/10003241-00000053.wav	0.0625	今 早 七 点 一 到 便 有 众 多 果 粉 开 始 疯 抢	啊   今   早   七   点   一   到   便   有   众   多   果   粉   开   始   疯   抢	1	0	0
/opt/gpfs/users/shuai/work/block-conversion-b2/OmniVoice/results_b2_sweep/gs3p5/seedtts_zh/10003244-00000021.wav	0.05263157894736842	导 航 开 始 全 程 二 十 五 公 里 预 计 需 要 十 二 分 钟	航   开   始   全   程   二   十   五   公   里   预   计   需   要   十   二   分   钟	0	1	0
/opt/gpfs/users/shuai/work/block-conversion-b2/OmniVoice/results_b2_sweep/gs3p5/seedtts_zh/10003244-00000038.wav	0.0	拼 车 将 会 是 解 决 交 通 拥 堵 非 常 有 效 的 方 式	拼   车   将   会   是   解   决   交   通   拥   堵   非   常   有   效   的   方   式	0	0	0
/opt/gpfs/users/shuai/work/block-conversion-b2/OmniVoice/results_b2_sweep/gs3p5/seedtts_zh/10003252-00000007.wav	0.0	创 业 需 要 激 情 更 需 要 强 烈 的 社 会 责 任 感	创   业   需   要   激   情   更   需   要   强   烈   的   社   会   责   任   感	0	0	0
/opt/gpfs/users/shuai/work/block-conversion-b2/OmniVoice/results_b2_sweep/gs3p5/seedtts_zh/10003252-00000021.wav	0.10526315789473684	导 航 开 始 全 程 二 十 五 公 里 预 计 需 要 十 二 分 钟	开   始   全   程   二   十   五   公   里   预   计   需   要   十   二   分   钟	0	2	0
/opt/gpfs/users/shuai/work/block-conversion-b2/OmniVoice/results_b2_sweep/gs3p5/seedtts_zh/10003253-00000011.wav	0.0	自 动 驾 驶 将 大 幅 提 升 出 出 行 安 全 效 率	自   动   驾   驶   将   大   幅   提   升   出   出   行   安   全   效   率	0	0	0
/opt/gpfs/users/shuai/work/block-conversion-b2/OmniVoice/results_b2_sweep/gs3p5/seedtts_zh/10003253-00000019.wav	0.0	我 们 将 为 全 球 市 场 的 可 持 续 发 展 贡 献 力 量	我   们   将   为   全   球   市   场   的   可   持   续   发   展   贡   献   力   量	0	0	0
/opt/gpfs/users/shuai/work/block-conversion-b2/OmniVoice/results_b2_sweep/gs3p5/seedtts_zh/10003257-00000033.wav	0.0	目 前 中 国 互 联 网 国 际 化 还 在 开 拓 阶 段	目   前   中   国   互   联   网   国   际   化   还   在   开   拓   阶   段	0	0	0
/opt/gpfs/users/shuai/work/block-conversion-b2/OmniVoice/results_b2_sweep/gs3p5/seedtts_zh/10003257-00000044.wav	0.0	北 京 在 出 行 规 模 城 市 影 响 力 方 面 表 现 优 异	北   京   在   出   行   规   模   城   市   影   响   力   方   面   表   现   优   异	0	0	0
/opt/gpfs/users/shuai/work/block-conversion-b2/OmniVoice/results_b2_sweep/gs3p5/seedtts_zh/10003259-00000005.wav	0.0	女 性 可 以 成 为 成 功 的 科 学 家 工 程 师 和 程 序 员	女   性   可   以   成   为   成   功   的   科   学   家   工   程   师   和   程   序   员	0	0	0
/opt/gpfs/users/shuai/work/block-conversion-b2/OmniVoice/results_b2_sweep/gs3p5/seedtts_zh/10003259-00000009.wav	0.0	通 过 创 新 技 术 让 未 来 出 行 更 加 安 全 高 效	通   过   创   新   技   术   让   未   来   出   行   更   加   安   全   高   效	0	0	0
/opt/gpfs/users/shuai/work/block-conversion-b2/OmniVoice/results_b2_sweep/gs3p5/seedtts_zh/10003277-00000067.wav	0.0	传 统 吃 法 是 白 切 口 感 清 淡 肉 质 滑 嫩 原 汁 原 味	传   统   吃   法   是   白   切   口   感   清   淡   肉   质   滑   嫩   原   汁   原   味	0	0	0
/opt/gpfs/users/shuai/work/block-conversion-b2/OmniVoice/results_b2_sweep/gs3p5/seedtts_zh/10003277-00000005.wav	0.045454545454545456	女 性 可 女 性 可 以 成 为 成 功 的 科 学 家 工 程 师 和 程 序 员	啊   女   性   可   女   性   可   以   成   为   成   功   的   科   学   家   工   程   师   和   程   序   员	1	0	0
/opt/gpfs/users/shuai/work/block-conversion-b2/OmniVoice/results_b2_sweep/gs3p5/seedtts_zh/10003331-00000016.wav	0.05263157894736842	共 同 建 设 面 向 未 来 的 交 通 出 行 嗯 服 务 新 生 态	共   同   建   设   面   向   未   来   的   交   通   出   行   服   务   新   生   态	0	1	0
/opt/gpfs/users/shuai/work/block-conversion-b2/OmniVoice/results_b2_sweep/gs3p5/seedtts_zh/10003331-00000019.wav	0.0	我 们 将 为 全 球 城 市 的 可 持 续 发 展 贡 献 力 量	我   们   将   为   全   球   城   市   的   可   持   续   发   展   贡   献   力   量	0	0	0
/opt/gpfs/users/shuai/work/block-conversion-b2/OmniVoice/results_b2_sweep/gs3p5/seedtts_zh/10003502-00000044.wav	0.05555555555555555	北 京 在 出 行 规 模 城 市 影 响 力 方 面 表 现 优 异	哦   北   京   在   出   行   规   模   城   市   影   响   力   方   面   表   现   优   异	1	0	0
/opt/gpfs/users/shuai/work/block-conversion-b2/OmniVoice/results_b2_sweep/gs3p5/seedtts_zh/10003502-00000006.wav	0.0	只 有 当 科 技 为 为 本 地 社 群 创 造 价 值 的 时 候 才 真 正 有 意 义	只   有   当   科   技   为   为   本   地   社   群   创   造   价   值   的   时   候   才   真   正   有   意   义	0	0	0
/opt/gpfs/users/shuai/work/block-conversion-b2/OmniVoice/results_b2_sweep/gs3p5/seedtts_zh/10003517-00000017.wav	0.0	提 升 服 务 标 准 持 续 为 用 户 创 造 价 值	提   升   服   务   标   准   持   续   为   用   户   创   造   价   值	0	0	0
/opt/gpfs/users/shuai/work/block-conversion-b2/OmniVoice/results_b2_sweep/gs3p5/seedtts_zh/10003517-00000050.wav	0.0	优 秀 的 产 品 经 理 要 逐 步 变 得 更 综 合	优   秀   的   产   品   经   理   要   逐   步   变   得   更   综   合	0	0	0
/opt/gpfs/users/shuai/work/block-conversion-b2/OmniVoice/results_b2_sweep/gs3p5/seedtts_zh/10003602-00000063.wav	0.045454545454545456	但 是 一 批 评 完 马 上 就 拉 着 儿 子 一 起 玩 游 戏 哄 哄 孩 子	呃   但   是   一   批   评   完   马   上   就   拉   着   儿   子   一   起   玩   游   戏   哄   哄   孩   子	1	0	0
/opt/gpfs/users/shuai/work/block-conversion-b2/OmniVoice/results_b2_sweep/gs3p5/seedtts_zh/10003602-00000097.wav	0.0	如 果 我 们 慢 慢 腾 腾 与 发 达 地 区 的 差 距 只 会 越 拉 越 大	如   果   我   们   慢   慢   腾   腾   与   发   达   地   区   的   差   距   只   会   越   拉   越   大	0	0	0
/opt/gpfs/users/shuai/work/block-conversion-b2/OmniVoice/results_b2_sweep/gs3p5/seedtts_zh/10003609-00000011.wav	0.0	自 动 驾 驶 将 大 幅 提 升 出 行 安 全 效 率	自   动   驾   驶   将   大   幅   提   升   出   行   安   全   效   率	0	0	0
/opt/gpfs/users/shuai/work/block-conversion-b2/OmniVoice/results_b2_sweep/gs3p5/seedtts_zh/10003609-00000095.wav	0.0	另 外 节 目 组 还 拍 到 了 保 安 阻 止 拍 摄 的 场 景	另   外   节   目   组   还   拍   到   了   保   安   阻   止   拍   摄   的   场   景	0	0	0
/opt/gpfs/users/shuai/work/block-conversion-b2/OmniVoice/results_b2_sweep/gs3p5/seedtts_zh/10003610-00000079.wav	0.0	轴 承 过 热 可 能 引 燃 润 滑 油 并 可 能 进 一 步 引 发 轮 胎 燃 烧	轴   承   过   热   可   能   引   燃   润   滑   油   并   可   能   进   一   步   引   发   轮   胎   燃   烧	0	0	0
/opt/gpfs/users/shuai/work/block-conversion-b2/OmniVoice/results_b2_sweep/gs3p5/seedtts_zh/10003610-00000019.wav	0.0	我 们 将 为 全 球 城 市 的 可 持 续 发 展 贡 献 力 量	我   们   将   为   全   球   城   市   的   可   持   续   发   展   贡   献   力   量	0	0	0
/opt/gpfs/users/shuai/work/block-conversion-b2/OmniVoice/results_b2_sweep/gs3p5/seedtts_zh/10003611-00000071.wav	0.0	通 过 调 查 将 筛 选 出 一 批 口 味 令 消 费 者 满 意 的 产 品	通   过   调   查   将   筛   选   出   一   批   口   味   令   消   费   者   满   意   的   产   品	0	0	0
/opt/gpfs/users/shuai/work/block-conversion-b2/OmniVoice/results_b2_sweep/gs3p5/seedtts_zh/10003611-00000101.wav	0.0	加 上 城 市 道 路 上 的 下 凹 式 立 交 桥 多 极 端 天 气 时 易 积 水	加   上   城   市   道   路   上   的   下   凹   式   立   交   桥   多   极   端   天   气   时   易   积   水	0	0	0
/opt/gpfs/users/shuai/work/block-conversion-b2/OmniVoice/results_b2_sweep/gs3p5/seedtts_zh/10003613-00000062.wav	0.0	有 位 朋 友 不 太 爱 体 育 每 四 年 逢 奥 运 会 才 看 上 两 眼	有   位   朋   友   不   太   爱   体   育   每   四   年   逢   奥   运   会   才   看   上   两   眼	0	0	0
/opt/gpfs/users/shuai/work/block-conversion-b2/OmniVoice/results_b2_sweep/gs3p5/seedtts_zh/10003613-00000039.wav	0.0	全 球 每 年 有 超 过 一 一 百 三 十 五 万 人 因 交 通 事 故 而 死 亡	全   球   每   年   有   超   过   一   一   百   三   十   五   万   人   因   交   通   事   故   而   死   亡	0	0	0
/opt/gpfs/users/shuai/work/block-conversion-b2/OmniVoice/results_b2_sweep/gs3p5/seedtts_zh/10003614-00000062.wav	0.0	有 位 朋 友 不 太 爱 体 育 每 四 年 逢 奥 运 会 才 瞧 上 两 眼	有   位   朋   友   不   太   爱   体   育   每   四   年   逢   奥   运   会   才   瞧   上   两   眼	0	0	0
/opt/gpfs/users/shuai/work/block-conversion-b2/OmniVoice/results_b2_sweep/gs3p5/seedtts_zh/10003614-00000104.wav	0.0	面 对 外 来 者 的 竞 争 美 国 自 然 不 肯 拱 手 相 让	面   对   外   来   者   的   竞   争   美   国   自   然   不   肯   拱   手   相   让	0	0	0
/opt/gpfs/users/shuai/work/block-conversion-b2/OmniVoice/results_b2_sweep/gs3p5/seedtts_zh/10003615-00000044.wav	0.0	北 京 在 出 行 规 模 城 市 影 响 力 方 面 表 现 优 异	北   京   在   出   行   规   模   城   市   影   响   力   方   面   表   现   优   异	0	0	0
/opt/gpfs/users/shuai/work/block-conversion-b2/OmniVoice/results_b2_sweep/gs3p5/seedtts_zh/10003615-00000019.wav	0.0	我 们 将 为 全 球 城 市 的 可 持 续 发 展 贡 献 力 量	我   们   将   为   全   球   城   市   的   可   持   续   发   展   贡   献   力   量	0	0	0
/opt/gpfs/users/shuai/work/block-conversion-b2/OmniVoice/results_b2_sweep/gs3p5/seedtts_zh/10003617-00000068.wav	0.05	上 下 班 耗 费 的 时 间 影 响 着 人 们 对 工 作 的 满 意 度	啊   上   下   班   耗   费   的   时   间   影   响   着   人   们   对   工   作   的   满   意   度	1	0	0
/opt/gpfs/users/shuai/work/block-conversion-b2/OmniVoice/results_b2_sweep/gs3p5/seedtts_zh/10003617-00000021.wav	0.10526315789473684	导 航 开 始 全 程 二 十 五 公 里 预 计 需 要 十 二 分 钟	开   始   全   程   二   十   五   公   里   预   计   需   要   十   二   分   钟	0	2	0
/opt/gpfs/users/shuai/work/block-conversion-b2/OmniVoice/results_b2_sweep/gs3p5/seedtts_zh/10003618-00000006.wav	0.0	只 有 当 科 技 为 本 地 社 群 创 造 价 值 的 时 候 才 真 正 有 意 义	只   有   当   科   技   为   本   地   社   群   创   造   价   值   的   时   候   才   真   正   有   意   义	0	0	0
/opt/gpfs/users/shuai/work/block-conversion-b2/OmniVoice/results_b2_sweep/gs3p5/seedtts_zh/10003618-00000048.wav	0.0	产 品 经 理 其 实 是 随 着 互 联 网 发 展 应 运 而 生 的	产   品   经   理   其   实   是   随   着   互   联   网   发   展   应   运   而   生   的	0	0	0
/opt/gpfs/users/shuai/work/block-conversion-b2/OmniVoice/results_b2_sweep/gs3p5/seedtts_zh/10003619-00000074.wav	0.0	他 们 第 一 时 间 就 把 六 七 楼 的 客 人 救 下 去 了	他   们   第   一   时   间   就   把   六   七   楼   的   客   人   救   下   去   了	0	0	0
/opt/gpfs/users/shuai/work/block-conversion-b2/OmniVoice/results_b2_sweep/gs3p5/seedtts_zh/10003619-00000015.wav	0.0	目 前 共 享 出 行 市 场 处 于 高 速 增 长 阶 段	目   前   共   享   出   行   市   场   处   于   高   速   增   长   阶   段	0	0	0
/opt/gpfs/users/shuai/work/block-conversion-b2/OmniVoice/results_b2_sweep/gs3p5/seedtts_zh/10003646-00000097.wav	0.0625	深 冬 里 雪 飘 飘 风 萧 萧 一 树 梅 花 独 妖 娆	深   冬   里   雪   飘   飘   风   萧   萧   一   束   梅   花   独   妖   娆	0	0	1
/opt/gpfs/users/shuai/work/block-conversion-b2/OmniVoice/results_b2_sweep/gs3p5/seedtts_zh/10003646-00000009.wav	0.0	通 过 创 新 技 术 让 未 来 出 行 更 加 安 全 高 效	通   过   创   新   技   术   让   未   来   出   行   更   加   安   全   高   效	0	0	0
/opt/gpfs/users/shuai/work/block-conversion-b2/OmniVoice/results_b2_sweep/gs3p5/seedtts_zh/10003649-00000068.wav	0.047619047619047616	几 个 女 儿 都 结 婚 成 家 外 孙 外 孙 女 都 吵 着 要 见 姥 姥	几   个   女   儿   都   结   婚   成   家   外   孙   外   孙   女   儿   都   吵   着   要   见   姥   姥	1	0	0
/opt/gpfs/users/shuai/work/block-conversion-b2/OmniVoice/results_b2_sweep/gs3p5/seedtts_zh/10003649-00000081.wav	0.0	此 外 还 有 毒 蛇 蟒 蛇 经 常 出 现 给 发 展 生 产 造 成 许 多 困 难	此   外   还   有   毒   蛇   蟒   蛇   经   常   出   现   给   发   展   生   产   造   成   许   多   困   难	0	0	0
/opt/gpfs/users/shuai/work/block-conversion-b2/OmniVoice/results_b2_sweep/gs3p5/seedtts_zh/10003656-00000020.wav	0.0	一 点 五 公 里 后 右 转 驶 入 京 藏 高 速 辅 路	一   点   五   公   里   后   右   转   驶   入   京   藏   高   速   辅   路	0	0	0
/opt/gpfs/users/shuai/work/block-conversion-b2/OmniVoice/results_b2_sweep/gs3p5/seedtts_zh/10003656-00000056.wav	0.0	他 们 第 一 时 间 就 把 六 七 楼 的 客 人 救 下 去 了	他   们   第   一   时   间   就   把   六   七   楼   的   客   人   救   下   去   了	0	0	0
/opt/gpfs/users/shuai/work/block-conversion-b2/OmniVoice/results_b2_sweep/gs3p5/seedtts_zh/10003658-00000110.wav	0.043478260869565216	该 赢 的 都 赢 了 就 连 尼 日 利 亚 胜 西 班 牙 也 不 能 算 作 冷 门	该   赢   的   都   赢   了   就   连   尼   日   利   亚   圣   西   班   牙   也   不   能   算   作   冷   门	0	0	1
/opt/gpfs/users/shuai/work/block-conversion-b2/OmniVoice/results_b2_sweep/gs3p5/seedtts_zh/10003658-00000060.wav	0.043478260869565216	这 些 医 医 疗 队 的 医 生 们 克 服 高 寒 缺 氧 交 通 不 便 等 困 难	这   些   医   疗   队   的   医   生   们   克   服   高   寒   缺   氧   交   通   不   便   等   困   难	0	1	0
/opt/gpfs/users/shuai/work/block-conversion-b2/OmniVoice/results_b2_sweep/gs3p5/seedtts_zh/10003660-00000006.wav	0.0	只 有 当 科 技 为 本 地 社 群 创 造 价 值 的 时 候 才 真 正 有 意 义	只   有   当   科   技   为   本   地   社   群   创   造   价   值   的   时   候   才   真   正   有   意   义	0	0	0
/opt/gpfs/users/shuai/work/block-conversion-b2/OmniVoice/results_b2_sweep/gs3p5/seedtts_zh/10003660-00000091.wav	0.0	河 南 省 总 吸 烟 率 高 达 百 分 之 四 十 一 点 五 居 全 国 之 首	河   南   省   总   吸   烟   率   高   达   百   分   之   四   十   一   点   五   居   全   国   之   首	0	0	0
/opt/gpfs/users/shuai/work/block-conversion-b2/OmniVoice/results_b2_sweep/gs3p5/seedtts_zh/10003661-00000098.wav	0.058823529411764705	在 这 种 时 候 他 能 睡 一 天 把 苦 恼 交 给 了 梦	哦   在   这   种   时   候   他   能   睡   一   天   把   苦   恼   交   给   了   梦	1	0	0
/opt/gpfs/users/shuai/work/block-conversion-b2/OmniVoice/results_b2_sweep/gs3p5/seedtts_zh/10003661-00000039.wav	0.09090909090909091	全 球 每 年 有 超 过 一 百 三 十 五 万 人 因 交 通 事 故 而 死 亡	呃   全   球   每   年   有   超   过   一   百   三   十   五   万   人   因   交   通   事   故   而   死   亡   啊	2	0	0
/opt/gpfs/users/shuai/work/block-conversion-b2/OmniVoice/results_b2_sweep/gs3p5/seedtts_zh/10003663-00000019.wav	0.05555555555555555	我 们 将 为 全 球 城 市 的 可 持 续 发 展 贡 献 力 量	哦   我   们   将   为   全   球   城   市   的   可   持   续   发   展   贡   献   力   量	1	0	0
/opt/gpfs/users/shuai/work/block-conversion-b2/OmniVoice/results_b2_sweep/gs3p5/seedtts_zh/10003663-00000039.wav	0.045454545454545456	全 球 每 年 有 超 过 一 百 三 十 五 万 人 因 交 通 事 故 而 死 亡	呃   全   球   每   年   有   超   过   一   百   三   十   五   万   人   因   交   通   事   故   而   死   亡	1	0	0
/opt/gpfs/users/shuai/work/block-conversion-b2/OmniVoice/results_b2_sweep/gs3p5/seedtts_zh/10003665-00000103.wav	0.0	他 拿 起 柴 刀 胡 乱 挥 舞 凶 猛 的 藏 獒 躲 到 了 一 边	他   拿   起   柴   刀   胡   乱   挥   舞   凶   猛   的   藏   獒   躲   到   了   一   边	0	0	0
/opt/gpfs/users/shuai/work/block-conversion-b2/OmniVoice/results_b2_sweep/gs3p5/seedtts_zh/10003665-00000048.wav	0.05263157894736842	产 品 经 理 其 实 是 随 着 互 联 网 发 展 应 运 而 生 的	呃   产   品   经   理   其   实   是   随   着   互   联   网   发   展   应   运   而   生   的	1	0	0
/opt/gpfs/users/shuai/work/block-conversion-b2/OmniVoice/results_b2_sweep/gs3p5/seedtts_zh/10003667-00000039.wav	0.0	全 球 每 年 有 超 过 一 百 三 十 五 万 人 因 交 通 事 故 而 死 亡	全   球   每   年   有   超   过   一   百   三   十   五   万   人   因   交   通   事   故   而   死   亡	0	0	0
/opt/gpfs/users/shuai/work/block-conversion-b2/OmniVoice/results_b2_sweep/gs3p5/seedtts_zh/10003667-00000089.wav	0.0	同 时 筹 建 半 年 的 钱 学 森 展 览 馆 开 馆	同   时   筹   建   半   年   的   钱   学   森   展   览   馆   开   馆	0	0	0
/opt/gpfs/users/shuai/work/block-conversion-b2/OmniVoice/results_b2_sweep/gs3p5/seedtts_zh/10004109-00000102.wav	0.0	烟 雨 弥 漫 下 山 环 绕 着 水 耸 立 着 水 环 绕 着 山 流 淌 着	烟   雨   弥   漫   下   山   环   绕   着   水   耸   立   着   水   环   绕   着   山   流   淌   着	0	0	0
/opt/gpfs/users/shuai/work/block-conversion-b2/OmniVoice/results_b2_sweep/gs3p5/seedtts_zh/10004109-00000038.wav	0.0	拼 车 将 会 是 解 决 交 通 堵 拥 堵 非 常 有 效 的 方 式	拼   车   将   会   是   解   决   交   通   堵   拥   堵   非   常   有   效   的   方   式	0	0	0
/opt/gpfs/users/shuai/work/block-conversion-b2/OmniVoice/results_b2_sweep/gs3p5/seedtts_zh/10004126-00000109.wav	0.0	在 这 种 时 候 他 能 睡 一 天 把 苦 恼 交 给 了 梦	在   这   种   时   候   他   能   睡   一   天   把   苦   恼   交   给   了   梦	0	0	0
/opt/gpfs/users/shuai/work/block-conversion-b2/OmniVoice/results_b2_sweep/gs3p5/seedtts_zh/10004126-00000019.wav	0.058823529411764705	我 们 将 为 全 球 城 市 可 持 续 发 展 贡 献 力 量	呃   我   们   将   为   全   球   城   市   可   持   续   发   展   贡   献   力   量	1	0	0
/opt/gpfs/users/shuai/work/block-conversion-b2/OmniVoice/results_b2_sweep/gs3p5/seedtts_zh/10004143-00000056.wav	0.045454545454545456	捆 在 一 起 就 要 把 激 励 和 约 束 机 制 联 系 起 来 健 全 起 来	哦   捆   在   一   起   就   要   把   激   励   和   约   束   机   制   联   系   起   来   健   全   起   来	1	0	0
/opt/gpfs/users/shuai/work/block-conversion-b2/OmniVoice/results_b2_sweep/gs3p5/seedtts_zh/10004143-00000109.wav	0.047619047619047616	说 善 论 恶 有 科 学 与 伪 科 学 之 分 有 真 理 与 谬 误 之 分	呃   说   善   论   恶   有   科   学   与   伪   科   学   之   分   有   真   理   与   谬   误   之   分	1	0	0
/opt/gpfs/users/shuai/work/block-conversion-b2/OmniVoice/results_b2_sweep/gs3p5/seedtts_zh/10004152-00000044.wav	0.0	北 京 在 出 行 规 模 城 市 影 响 力 方 面 表 现 优 异	北   京   在   出   行   规   模   城   市   影   响   力   方   面   表   现   优   异	0	0	0
/opt/gpfs/users/shuai/work/block-conversion-b2/OmniVoice/results_b2_sweep/gs3p5/seedtts_zh/10004152-00000007.wav	0.0	创 业 需 要 激 情 更 需 要 强 烈 的 社 会 责 任 感	创   业   需   要   激   情   更   需   要   强   烈   的   社   会   责   任   感	0	0	0
/opt/gpfs/users/shuai/work/block-conversion-b2/OmniVoice/results_b2_sweep/gs3p5/seedtts_zh/10004328-00000104.wav	0.0	经 过 调 查 将 筛 选 出 一 批 口 味 令 消 费 者 满 意 的 产 品	经   过   调   查   将   筛   选   出   一   批   口   味   令   消   费   者   满   意   的   产   品	0	0	0
/opt/gpfs/users/shuai/work/block-conversion-b2/OmniVoice/results_b2_sweep/gs3p5/seedtts_zh/10004328-00000039.wav	0.0	全 球 每 年 有 超 过 一 百 三 十 五 万 人 因 交 通 事 故 而 死 亡	全   球   每   年   有   超   过   一   百   三   十   五   万   人   因   交   通   事   故   而   死   亡	0	0	0
/opt/gpfs/users/shuai/work/block-conversion-b2/OmniVoice/results_b2_sweep/gs3p5/seedtts_zh/10004345-00000020.wav	0.0	一 点 五 公 里 后 右 转 驶 入 京 藏 高 速 辅 路	一   点   五   公   里   后   右   转   驶   入   京   藏   高   速   辅   路	0	0	0
/opt/gpfs/users/shuai/work/block-conversion-b2/OmniVoice/results_b2_sweep/gs3p5/seedtts_zh/10004345-00000007.wav	0.0	创 业 需 要 激 情 更 需 要 强 烈 的 社 会 责 任 感	创   业   需   要   激   情   更   需   要   强   烈   的   社   会   责   任   感	0	0	0
/opt/gpfs/users/shuai/work/block-conversion-b2/OmniVoice/results_b2_sweep/gs3p5/seedtts_zh/10004360-00000035.wav	0.0	体 验 是 用 户 感 知 是 主 观 的 用 户 价 值	体   验   是   用   户   感   知   是   主   观   的   用   户   价   值	0	0	0
/opt/gpfs/users/shuai/work/block-conversion-b2/OmniVoice/results_b2_sweep/gs3p5/seedtts_zh/10004360-00000048.wav	0.0	产 品 经 理 其 实 是 随 着 互 联 网 发 展 应 用 而 生 的	产   品   经   理   其   实   是   随   着   互   联   网   发   展   应   用   而   生   的	0	0	0
/opt/gpfs/users/shuai/work/block-conversion-b2/OmniVoice/results_b2_sweep/gs3p5/seedtts_zh/10004383-00000009.wav	0.0	通 过 创 新 技 术 让 未 来 的 未 来 出 行 更 加 安 全 高 效	通   过   创   新   技   术   让   未   来   的   未   来   出   行   更   加   安   全   高   效	0	0	0
/opt/gpfs/users/shuai/work/block-conversion-b2/OmniVoice/results_b2_sweep/gs3p5/seedtts_zh/10004383-00000079.wav	0.8947368421052632	排 查 完 毕 民 警 却 发 现 赌 场 老 板 杜 某 不 在 其 中	啊   完   毕	0	16	1
/opt/gpfs/users/shuai/work/block-conversion-b2/OmniVoice/results_b2_sweep/gs3p5/seedtts_zh/10004392-00000077.wav	0.0	烧 猪 肉 水 煮 马 铃 薯 油 煎 香 菇 醋 溜 鱼 片 和 火 腿 冬 瓜 汤	烧   猪   肉   水   煮   马   铃   薯   油   煎   香   菇   醋   溜   鱼   片   和   火   腿   冬   瓜   汤	0	0	0
/opt/gpfs/users/shuai/work/block-conversion-b2/OmniVoice/results_b2_sweep/gs3p5/seedtts_zh/10004392-00000040.wav	0.0	自 动 驾 驶 将 为 现 有 的 司 机 运 力 提 供 补 充	自   动   驾   驶   将   为   现   有   的   司   机   运   力   提   供   补   充	0	0	0
/opt/gpfs/users/shuai/work/block-conversion-b2/OmniVoice/results_b2_sweep/gs3p5/seedtts_zh/10004412-00000001.wav	0.0	顺 风 时 提 高 警 惕 逆 风 时 笃 定 前 行	顺   风   时   提   高   警   惕   逆   风   时   笃   定   前   行	0	0	0
/opt/gpfs/users/shuai/work/block-conversion-b2/OmniVoice/results_b2_sweep/gs3p5/seedtts_zh/10004412-00000016.wav	0.05263157894736842	共 同 建 设 面 向 未 来 的 交 通 和 出 行 服 务 新 生 态	啊   共   同   建   设   面   向   未   来   的   交   通   和   出   行   服   务   新   生   态	1	0	0
/opt/gpfs/users/shuai/work/block-conversion-b2/OmniVoice/results_b2_sweep/gs3p5/seedtts_zh/10004413-00000005.wav	0.0	女 性 可 以 成 为 成 功 的 科 学 家 工 程 师 和 程 序 员	女   性   可   以   成   为   成   功   的   科   学   家   工   程   师   和   程   序   员	0	0	0
/opt/gpfs/users/shuai/work/block-conversion-b2/OmniVoice/results_b2_sweep/gs3p5/seedtts_zh/10004413-00000011.wav	0.0	自 动 驾 驶 将 大 幅 提 升 出 行 安 全 效 率	自   动   驾   驶   将   大   幅   提   升   出   行   安   全   效   率	0	0	0
/opt/gpfs/users/shuai/work/block-conversion-b2/OmniVoice/results_b2_sweep/gs3p5/seedtts_zh/10004414-00000049.wav	0.0	互 联 网 已 经 成 为 一 种 解 决 方 案 的 应 用 层	互   联   网   已   经   成   为   一   种   解   决   方   案   的   应   用   层	0	0	0
/opt/gpfs/users/shuai/work/block-conversion-b2/OmniVoice/results_b2_sweep/gs3p5/seedtts_zh/10004414-00000047.wav	0.0	核 心 是 点 核 心 要 点 是 不 断 了 解 自 身 理 清 目 标	核   心   是   点   核   心   要   点   是   不   断   了   解   自   身   理   清   目   标	0	0	0
/opt/gpfs/users/shuai/work/block-conversion-b2/OmniVoice/results_b2_sweep/gs3p5/seedtts_zh/10004422-00000045.wav	0.05555555555555555	珠 三 角 城 市 经 在 经 济 发 展 方 面 现 表 现 抢 眼	呃   珠   三   角   城   市   经   在   经   济   发   展   方   面   现   表   现   抢   眼	1	0	0
/opt/gpfs/users/shuai/work/block-conversion-b2/OmniVoice/results_b2_sweep/gs3p5/seedtts_zh/10004422-00000060.wav	0.07142857142857142	别 看 藏 獒 凶 猛 但 做 警 犬 智 商 不 够	呃   别   看   藏   獒   凶   猛   但   做   警   犬   智   商   不   够	1	0	0
/opt/gpfs/users/shuai/work/block-conversion-b2/OmniVoice/results_b2_sweep/gs3p5/seedtts_zh/10004423-00000048.wav	0.0	产 品 经 理 其 实 是 随 着 互 联 互 联 网 发 展 应 用 而 生 的	产   品   经   理   其   实   是   随   着   互   联   互   联   网   发   展   应   用   而   生   的	0	0	0
/opt/gpfs/users/shuai/work/block-conversion-b2/OmniVoice/results_b2_sweep/gs3p5/seedtts_zh/10004423-00000021.wav	0.05263157894736842	导 航 开 始 全 程 二 十 五 公 里 预 计 需 要 十 二 分 钟	航   开   始   全   程   二   十   五   公   里   预   计   需   要   十   二   分   钟	0	1	0
/opt/gpfs/users/shuai/work/block-conversion-b2/OmniVoice/results_b2_sweep/gs3p5/seedtts_zh/10004424-00000092.wav	0.0	机 电 系 统 举 行 迎 亚 运 晚 会 向 亚 运 捧 上 一 颗 火 红 的 心	机   电   系   统   举   行   迎   亚   运   晚   会   向   亚   运   捧   上   一   颗   火   红   的   心	0	0	0
/opt/gpfs/users/shuai/work/block-conversion-b2/OmniVoice/results_b2_sweep/gs3p5/seedtts_zh/10004424-00000005.wav	0.05263157894736842	女 性 可 以 成 为 成 功 的 科 学 家 工 程 师 和 程 序 员	啊   女   性   可   以   成   为   成   功   的   科   学   家   工   程   师   和   程   序   员	1	0	0
/opt/gpfs/users/shuai/work/block-conversion-b2/OmniVoice/results_b2_sweep/gs3p5/seedtts_zh/10004471-00000044.wav	0.05263157894736842	北 京 在 出 行 规 模 城 市 影 响 力 方 面 表 表 现 优 异	呃   北   京   在   出   行   规   模   城   市   影   响   力   方   面   表   表   现   优   异	1	0	0
/opt/gpfs/users/shuai/work/block-conversion-b2/OmniVoice/results_b2_sweep/gs3p5/seedtts_zh/10004471-00000053.wav	1.0	现 在 的 男 孩 子 大 大 咧 咧 惯 惯 了 生 活 大 多 粗 枝 大 叶	啊	0	20	1
/opt/gpfs/users/shuai/work/block-conversion-b2/OmniVoice/results_b2_sweep/gs3p5/seedtts_zh/10004481-00000061.wav	0.0	在 半 决 赛 美 国 女 排 险 胜 古 巴 闯 入 决 赛 最 终 收 获 银 牌	在   半   决   赛   美   国   女   排   险   胜   古   巴   闯   入   决   赛   最   终   收   获   银   牌	0	0	0
/opt/gpfs/users/shuai/work/block-conversion-b2/OmniVoice/results_b2_sweep/gs3p5/seedtts_zh/10004481-00000009.wav	0.0	通 过 创 新 技 术 让 未 来 出 行 更 加 安 全 高 效	通   过   创   新   技   术   让   未   来   出   行   更   加   安   全   高   效	0	0	0
/opt/gpfs/users/shuai/work/block-conversion-b2/OmniVoice/results_b2_sweep/gs3p5/seedtts_zh/00103215-00000216.wav	0.05263157894736842	之 后 他 考 取 导 游 证 成 为 拱 北 口 岸 中 旅 的 导 游	呃   之   后   他   考   取   导   游   证   成   为   拱   北   口   岸   中   旅   的   导   游	1	0	0
/opt/gpfs/users/shuai/work/block-conversion-b2/OmniVoice/results_b2_sweep/gs3p5/seedtts_zh/00103215-00000021.wav	0.05263157894736842	导 航 开 始 全 程 二 十 五 公 里 预 计 需 要 十 二 分 钟	呃   导   航   开   始   全   程   二   十   五   公   里   预   计   需   要   十   二   分   钟	1	0	0
/opt/gpfs/users/shuai/work/block-conversion-b2/OmniVoice/results_b2_sweep/gs3p5/seedtts_zh/00103467-00000009.wav	0.0	通 过 创 新 技 术 让 未 来 出 行 更 加 安 全 高 效	通   过   创   新   技   术   让   未   来   出   行   更   加   安   全   高   效	0	0	0
/opt/gpfs/users/shuai/work/block-conversion-b2/OmniVoice/results_b2_sweep/gs3p5/seedtts_zh/00103467-00000124.wav	0.0	目 前 火 场 有 两 千 余 名 军 警 民 正 在 清 理 火 场 扑 灭 暗 火	目   前   火   场   有   两   千   余   名   军   警   民   正   在   清   理   火   场   扑   灭   暗   火	0	0	0
/opt/gpfs/users/shuai/work/block-conversion-b2/OmniVoice/results_b2_sweep/gs3p5/seedtts_zh/00105855-00000977.wav	0.05555555555555555	家 庭 成 员 一 般 在 除 夕 夜 聚 会 吃 年 夜 饭 庆 祝	啊   家   庭   成   员   一   般   在   除   夕   夜   聚   会   吃   年   夜   饭   庆   祝	1	0	0
/opt/gpfs/users/shuai/work/block-conversion-b2/OmniVoice/results_b2_sweep/gs3p5/seedtts_zh/00105855-00000976.wav	0.0	北 京 周 三 限 号 尾 数 为 二 和 七	北   京   周   三   限   号   尾   数   为   二   和   七	0	0	0
/opt/gpfs/users/shuai/work/block-conversion-b2/OmniVoice/results_b2_sweep/gs3p5/seedtts_zh/00106136-00000140.wav	0.09090909090909091	在 妙 手 盘 丝 环 节 中 男 嘉 宾 需 要 为 两 位 尖 果 选 拔 盘 发	呃   在   妙   手   盘   丝   环   节   中   男   嘉   宾   需   要   为   两   位   坚   果   选   拔   盘   发	1	0	1
/opt/gpfs/users/shuai/work/block-conversion-b2/OmniVoice/results_b2_sweep/gs3p5/seedtts_zh/00106136-00000090.wav	0.09523809523809523	说 说 你 们 在 京 藏 高 速 怀 安 段 堵 车 现 场 看 到 的 情 况	啊   说   说   你   们   在   京   藏   高   速   淮   安   段   堵   车   现   场   看   到   的   情   况	1	0	1
/opt/gpfs/users/shuai/work/block-conversion-b2/OmniVoice/results_b2_sweep/gs3p5/seedtts_zh/00107414-00000016.wav	0.0	共 同 建 设 面 向 未 来 的 交 通 和 出 行 服 务 新 生 态	共   同   建   设   面   向   未   来   的   交   通   和   出   行   服   务   新   生   态	0	0	0
/opt/gpfs/users/shuai/work/block-conversion-b2/OmniVoice/results_b2_sweep/gs3p5/seedtts_zh/00107414-00000010.wav	0.0	真 正 落 地 成 为 产 品 服 务 进 入 每 个 人 的 生 活	真   正   落   地   成   为   产   品   服   务   进   入   每   个   人   的   生   活	0	0	0
/opt/gpfs/users/shuai/work/block-conversion-b2/OmniVoice/results_b2_sweep/gs3p5/seedtts_zh/00107946-00000038.wav	0.05555555555555555	拼 车 将 会 是 解 决 交 通 拥 堵 非 常 有 效 的 方 式	呃   拼   车   将   会   是   解   决   交   通   拥   堵   非   常   有   效   的   方   式	1	0	0
/opt/gpfs/users/shuai/work/block-conversion-b2/OmniVoice/results_b2_sweep/gs3p5/seedtts_zh/00107946-00000148.wav	0.0	阿 联 酋 人 民 爱 养 鹰 更 爱 猎 鹰 的 聪 慧 敏 捷 悍 猛 的 性 格	阿   联   酋   人   民   爱   养   鹰   更   爱   猎   鹰   的   聪   慧   敏   捷   悍   猛   的   性   格	0	0	0
/opt/gpfs/users/shuai/work/block-conversion-b2/OmniVoice/results_b2_sweep/gs3p5/seedtts_zh/00107947-00000016.wav	0.0	共 同 建 设 面 向 未 来 的 交 通 和 出 行 服 务 新 生 态	共   同   建   设   面   向   未   来   的   交   通   和   出   行   服   务   新   生   态	0	0	0
/opt/gpfs/users/shuai/work/block-conversion-b2/OmniVoice/results_b2_sweep/gs3p5/seedtts_zh/00107947-00000263.wav	0.0	他 拿 起 柴 刀 胡 乱 挥 舞 凶 猛 的 藏 獒 躲 到 了 一 边	他   拿   起   柴   刀   胡   乱   挥   舞   凶   猛   的   藏   獒   躲   到   了   一   边	0	0	0
/opt/gpfs/users/shuai/work/block-conversion-b2/OmniVoice/results_b2_sweep/gs3p5/seedtts_zh/00107970-00000648.wav	0.0	传 统 吃 法 是 白 切 口 感 清 淡 肉 质 滑 嫩 原 汁 原 味	传   统   吃   法   是   白   切   口   感   清   淡   肉   质   滑   嫩   原   汁   原   味	0	0	0
/opt/gpfs/users/shuai/work/block-conversion-b2/OmniVoice/results_b2_sweep/gs3p5/seedtts_zh/00107970-00000539.wav	0.0	这 里 每 年 都 要 办 好 几 场 展 销 会 价 格 非 常 便 宜	这   里   每   年   都   要   办   好   几   场   展   销   会   价   格   非   常   便   宜	0	0	0
/opt/gpfs/users/shuai/work/block-conversion-b2/OmniVoice/results_b2_sweep/gs3p5/seedtts_zh/00010823-00000151.wav	0.08695652173913043	在 供 应 广 东 菜 的 餐 馆 儿 里 我 们 一 顿 饭 通 常 从 喝 汤 开 始	啊   在   供   应   广   东   菜   的   餐   馆   里   我   们   一   顿   饭   通   常   从   喝   汤   开   始	1	1	0
/opt/gpfs/users/shuai/work/block-conversion-b2/OmniVoice/results_b2_sweep/gs3p5/seedtts_zh/00010823-00000044.wav	0.0	北 京 在 出 行 模 式 城 市 影 响 力 方 面 表 现 优 异	北   京   在   出   行   模   式   城   市   影   响   力   方   面   表   现   优   异	0	0	0
/opt/gpfs/users/shuai/work/block-conversion-b2/OmniVoice/results_b2_sweep/gs3p5/seedtts_zh/00108373-00000021.wav	0.0	导 航 开 始 全 程 二 十 五 分 钟 预 计 需 要 十 二 分 钟	导   航   开   始   全   程   二   十   五   分   钟   预   计   需   要   十   二   分   钟	0	0	0
/opt/gpfs/users/shuai/work/block-conversion-b2/OmniVoice/results_b2_sweep/gs3p5/seedtts_zh/00108373-00000444.wav	0.0	良 药 苦 口 利 于 病 忠 言 逆 耳 利 于 行	良   药   苦   口   利   于   病   忠   言   逆   耳   利   于   行	0	0	0
/opt/gpfs/users/shuai/work/block-conversion-b2/OmniVoice/results_b2_sweep/gs3p5/seedtts_zh/00108524-00000154.wav	0.0	在 半 决 赛 美 国 女 排 险 胜 古 巴 闯 入 决 赛 最 终 收 获 银 牌	在   半   决   赛   美   国   女   排   险   胜   古   巴   闯   入   决   赛   最   终   收   获   银   牌	0	0	0
/opt/gpfs/users/shuai/work/block-conversion-b2/OmniVoice/results_b2_sweep/gs3p5/seedtts_zh/00108524-00000038.wav	0.1111111111111111	拼 车 将 会 是 解 决 交 通 拥 堵 非 常 有 效 的 方 式	啊   拼   车   将   会   是   解   决   交   通   拥   堵   非   常   有   效   的   方   式   嗯	2	0	0
/opt/gpfs/users/shuai/work/block-conversion-b2/OmniVoice/results_b2_sweep/gs3p5/seedtts_zh/00110375-00000039.wav	0.0	全 球 每 年 有 超 过 一 百 三 十 五 万 人 因 交 通 事 故 而 死 亡	全   球   每   年   有   超   过   一   百   三   十   五   万   人   因   交   通   事   故   而   死   亡	0	0	0
/opt/gpfs/users/shuai/work/block-conversion-b2/OmniVoice/results_b2_sweep/gs3p5/seedtts_zh/00110375-00000539.wav	0.0	这 里 每 年 都 要 办 好 几 场 展 销 会 价 格 非 常 便 宜	这   里   每   年   都   要   办   好   几   场   展   销   会   价   格   非   常   便   宜	0	0	0
/opt/gpfs/users/shuai/work/block-conversion-b2/OmniVoice/results_b2_sweep/gs3p5/seedtts_zh/00110690-00000532.wav	0.0	涮 墩 布 拖 地 也 是 用 洗 完 衣 服 倒 在 桶 里 的 水	涮   墩   布   拖   地   也   是   用   洗   完   衣   服   倒   在   桶   里   的   水	0	0	0
/opt/gpfs/users/shuai/work/block-conversion-b2/OmniVoice/results_b2_sweep/gs3p5/seedtts_zh/00110690-00000021.wav	0.05263157894736842	导 航 开 始 全 程 二 十 五 公 里 预 计 需 要 十 二 分 钟	航   开   始   全   程   二   十   五   公   里   预   计   需   要   十   二   分   钟	0	1	0
/opt/gpfs/users/shuai/work/block-conversion-b2/OmniVoice/results_b2_sweep/gs3p5/seedtts_zh/00110718-00000039.wav	0.0	全 球 每 年 有 超 过 一 百 三 十 五 万 人 因 交 通 事 故 而 死 亡	全   球   每   年   有   超   过   一   百   三   十   五   万   人   因   交   通   事   故   而   死   亡	0	0	0
/opt/gpfs/users/shuai/work/block-conversion-b2/OmniVoice/results_b2_sweep/gs3p5/seedtts_zh/00110718-00000640.wav	0.0	伤 不 起 啊 微 博 就 像 热 气 球 飘 上 天 大 家 都 看 得 到	伤   不   起   啊   微   博   就   像   热   气   球   飘   上   天   大   家   都   看   得   到	0	0	0
/opt/gpfs/users/shuai/work/block-conversion-b2/OmniVoice/results_b2_sweep/gs3p5/seedtts_zh/00110925-00000010.wav	0.0	真 正 落 地 成 为 产 品 服 务 进 入 每 个 人 的 生 活	真   正   落   地   成   为   产   品   服   务   进   入   每   个   人   的   生   活	0	0	0
/opt/gpfs/users/shuai/work/block-conversion-b2/OmniVoice/results_b2_sweep/gs3p5/seedtts_zh/00110925-00000724.wav	0.0	自 愿 报 名 下 虎 山 救 孩 子 的 勇 士 已 达 到 三 千 人	自   愿   报   名   下   虎   山   救   孩   子   的   勇   士   已   达   到   三   千   人	0	0	0
/opt/gpfs/users/shuai/work/block-conversion-b2/OmniVoice/results_b2_sweep/gs3p5/seedtts_zh/00111002-00000071.wav	0.0	射 门 区 是 对 方 球 门 前 的 一 个 大 致 呈 半 圆 形 的 区 域	射   门   区   是   对   方   球   门   前   的   一   个   大   致   呈   半   圆   形   的   区   域	0	0	0
/opt/gpfs/users/shuai/work/block-conversion-b2/OmniVoice/results_b2_sweep/gs3p5/seedtts_zh/00111002-00000019.wav	0.05555555555555555	我 们 将 为 全 球 城 市 的 可 持 续 发 展 贡 献 力 量	我   我   们   将   为   全   球   城   市   的   可   持   续   发   展   贡   献   力   量	1	0	0
/opt/gpfs/users/shuai/work/block-conversion-b2/OmniVoice/results_b2_sweep/gs3p5/seedtts_zh/00111094-00000135.wav	0.09090909090909091	变 捞 为 养 大 海 捞 鱼 向 来 是 海 洋 渔 业 传 统 的 作 业 方 式	哦   变   捞   为   羊   大   海   捞   鱼   向   来   是   海   洋   渔   业   传   统   的   作   业   方   式	1	0	1
/opt/gpfs/users/shuai/work/block-conversion-b2/OmniVoice/results_b2_sweep/gs3p5/seedtts_zh/00111094-00000039.wav	0.0	全 球 每 年 有 超 过 一 百 三 十 五 万 人 因 交 通 事 故 而 死 亡	全   球   每   年   有   超   过   一   百   三   十   五   万   人   因   交   通   事   故   而   死   亡	0	0	0
/opt/gpfs/users/shuai/work/block-conversion-b2/OmniVoice/results_b2_sweep/gs3p5/seedtts_zh/00111553-00000040.wav	0.058823529411764705	自 动 驾 驶 将 为 现 有 的 司 机 运 力 提 供 补 充	呃   自   动   驾   驶   将   为   现   有   的   司   机   运   力   提   供   补   充	1	0	0
/opt/gpfs/users/shuai/work/block-conversion-b2/OmniVoice/results_b2_sweep/gs3p5/seedtts_zh/00111553-00000048.wav	0.05263157894736842	产 品 经 理 其 实 是 随 着 互 联 网 发 展 应 运 而 生 的	呃   产   品   经   理   其   实   是   随   着   互   联   网   发   展   应   运   而   生   的	1	0	0
/opt/gpfs/users/shuai/work/block-conversion-b2/OmniVoice/results_b2_sweep/gs3p5/seedtts_zh/00111636-00000019.wav	0.05555555555555555	我 们 将 为 全 球 城 市 的 可 持 续 发 展 贡 献 力 量	呃   我   们   将   为   全   球   城   市   的   可   持   续   发   展   贡   献   力   量	1	0	0
/opt/gpfs/users/shuai/work/block-conversion-b2/OmniVoice/results_b2_sweep/gs3p5/seedtts_zh/00111636-00000050.wav	0.06666666666666667	优 秀 的 产 品 经 理 要 逐 步 变 得 更 综 合	啊   优   秀   的   产   品   经   理   要   逐   步   变   得   更   综   合	1	0	0
/opt/gpfs/users/shuai/work/block-conversion-b2/OmniVoice/results_b2_sweep/gs3p5/seedtts_zh/00111640-00000039.wav	0.045454545454545456	全 球 每 年 有 超 过 一 百 三 十 五 万 人 因 交 通 事 故 而 死 亡	呃   全   球   每   年   有   超   过   一   百   三   十   五   万   人   因   交   通   事   故   而   死   亡	1	0	0
/opt/gpfs/users/shuai/work/block-conversion-b2/OmniVoice/results_b2_sweep/gs3p5/seedtts_zh/00111640-00000038.wav	0.05555555555555555	拼 车 将 会 是 解 决 交 通 拥 堵 非 常 有 效 的 方 式	呃   拼   车   将   会   是   解   决   交   通   拥   堵   非   常   有   效   的   方   式	1	0	0
/opt/gpfs/users/shuai/work/block-conversion-b2/OmniVoice/results_b2_sweep/gs3p5/seedtts_zh/00111665-00000016.wav	0.0	共 同 建 设 面 向 未 来 的 交 通 和 出 行 服 务 新 生 态	共   同   建   设   面   向   未   来   的   交   通   和   出   行   服   务   新   生   态	0	0	0
/opt/gpfs/users/shuai/work/block-conversion-b2/OmniVoice/results_b2_sweep/gs3p5/seedtts_zh/00111665-00000010.wav	0.0	真 正 落 地 成 为 产 品 服 务 进 入 每 个 人 的 生 活	真   正   落   地   成   为   产   品   服   务   进   入   每   个   人   的   生   活	0	0	0
/opt/gpfs/users/shuai/work/block-conversion-b2/OmniVoice/results_b2_sweep/gs3p5/seedtts_zh/00111675-00000006.wav	0.0	只 有 当 科 技 为 本 地 社 群 创 造 价 值 的 时 候 才 真 正 有 意 义	只   有   当   科   技   为   本   地   社   群   创   造   价   值   的   时   候   才   真   正   有   意   义	0	0	0
/opt/gpfs/users/shuai/work/block-conversion-b2/OmniVoice/results_b2_sweep/gs3p5/seedtts_zh/00111675-00000192.wav	0.0	这 种 由 于 飞 机 晚 到 引 起 的 航 班 延 误 往 往 造 成 连 锁 反 应	这   种   由   于   飞   机   晚   到   引   起   的   航   班   延   误   往   往   造   成   连   锁   反   应	0	0	0
/opt/gpfs/users/shuai/work/block-conversion-b2/OmniVoice/results_b2_sweep/gs3p5/seedtts_zh/00111778-00000450.wav	0.05555555555555555	面 对 外 来 者 的 竞 争 美 国 自 然 不 肯 拱 手 相 让	啊   面   对   外   来   者   的   竞   争   美   国   自   然   不   肯   拱   手   相   让	1	0	0
/opt/gpfs/users/shuai/work/block-conversion-b2/OmniVoice/results_b2_sweep/gs3p5/seedtts_zh/00111778-00000019.wav	0.05555555555555555	我 们 将 为 全 球 城 市 的 可 持 续 发 展 贡 献 力 量	啊   我   们   将   为   全   球   城   市   的   可   持   续   发   展   贡   献   力   量	1	0	0
/opt/gpfs/users/shuai/work/block-conversion-b2/OmniVoice/results_b2_sweep/gs3p5/seedtts_zh/00111879-00000009.wav	0.0	通 过 创 新 技 术 让 未 来 出 行 更 加 安 全 高 效	通   过   创   新   技   术   让   未   来   出   行   更   加   安   全   高   效	0	0	0
/opt/gpfs/users/shuai/work/block-conversion-b2/OmniVoice/results_b2_sweep/gs3p5/seedtts_zh/00111879-00000044.wav	0.05555555555555555	北 京 在 出 行 规 模 城 市 影 响 力 方 面 表 现 优 异	啊   北   京   在   出   行   规   模   城   市   影   响   力   方   面   表   现   优   异	1	0	0
/opt/gpfs/users/shuai/work/block-conversion-b2/OmniVoice/results_b2_sweep/gs3p5/seedtts_zh/00112025-00000005.wav	0.0	女 性 可 以 成 为 成 功 的 科 学 家 工 程 师 和 程 序 员	女   性   可   以   成   为   成   功   的   科   学   家   工   程   师   和   程   序   员	0	0	0
/opt/gpfs/users/shuai/work/block-conversion-b2/OmniVoice/results_b2_sweep/gs3p5/seedtts_zh/00112025-00000177.wav	0.043478260869565216	加 上 城 市 道 路 上 的 下 凹 式 立 交 桥 多 极 端 天 气 时 易 积 水	加   上   城   市   道   路   上   的   下   凹   市   立   交   桥   多   极   端   天   气   时   易   积   水	0	0	1
/opt/gpfs/users/shuai/work/block-conversion-b2/OmniVoice/results_b2_sweep/gs3p5/seedtts_zh/00112048-00000045.wav	0.0	珠 三 角 城 市 群 在 经 济 发 展 方 面 表 现 抢 眼	珠   三   角   城   市   群   在   经   济   发   展   方   面   表   现   抢   眼	0	0	0
/opt/gpfs/users/shuai/work/block-conversion-b2/OmniVoice/results_b2_sweep/gs3p5/seedtts_zh/00112048-00000334.wav	0.05555555555555555	更 傻 眼 的 是 过 了 没 多 久 银 行 就 开 始 催 款 了	啊   更   傻   眼   的   是   过   了   没   多   久   银   行   就   开   始   催   款   了	1	0	0
/opt/gpfs/users/shuai/work/block-conversion-b2/OmniVoice/results_b2_sweep/gs3p5/seedtts_zh/00112103-00000009.wav	0.058823529411764705	通 过 创 新 技 术 让 未 来 出 行 更 加 安 全 高 效	啊   通   过   创   新   技   术   让   未   来   出   行   更   加   安   全   高   效	1	0	0
/opt/gpfs/users/shuai/work/block-conversion-b2/OmniVoice/results_b2_sweep/gs3p5/seedtts_zh/00112103-00000011.wav	0.0625	自 动 驾 驶 将 大 幅 度 提 升 出 行 安 全 效 率	啊   自   动   驾   驶   将   大   幅   度   提   升   出   行   安   全   效   率	1	0	0
/opt/gpfs/users/shuai/work/block-conversion-b2/OmniVoice/results_b2_sweep/gs3p5/seedtts_zh/00011425-00000727.wav	0.0	各 级 领 导 部 门 连 夜 统 计 本 单 位 参 加 抢 救 的 人 员 名 单	各   级   领   导   部   门   连   夜   统   计   本   单   位   参   加   抢   救   的   人   员   名   单	0	0	0
/opt/gpfs/users/shuai/work/block-conversion-b2/OmniVoice/results_b2_sweep/gs3p5/seedtts_zh/00011425-00000048.wav	0.05263157894736842	产 品 经 理 其 实 是 随 着 互 联 网 发 展 应 运 而 生 的	啊   产   品   经   理   其   实   是   随   着   互   联   网   发   展   应   运   而   生   的	1	0	0
/opt/gpfs/users/shuai/work/block-conversion-b2/OmniVoice/results_b2_sweep/gs3p5/seedtts_zh/00117201-00000006.wav	0.08695652173913043	只 有 当 科 技 为 本 地 社 群 创 造 价 值 的 时 候 才 真 正 有 意 义	啊   只   有   当   科   技   为   本   地   社   群   创   造   价   值   的   时   候   才   真   正   有   意   义   啊	2	0	0
/opt/gpfs/users/shuai/work/block-conversion-b2/OmniVoice/results_b2_sweep/gs3p5/seedtts_zh/00117201-00000495.wav	0.0	值 班 警 长 陈 真 和 同 事 立 即 赶 往 事 发 地 工 商 银 行	值   班   警   长   陈   真   和   同   事   立   即   赶   往   事   发   地   工   商   银   行	0	0	0
/opt/gpfs/users/shuai/work/block-conversion-b2/OmniVoice/results_b2_sweep/gs3p5/seedtts_zh/00117977-00000041.wav	0.0625	经 济 发 展 是 城 市 高 效 宜 居 发 展 的 基 石	啊   经   济   发   展   是   城   市   高   效   宜   居   发   展   的   基   石	1	0	0
/opt/gpfs/users/shuai/work/block-conversion-b2/OmniVoice/results_b2_sweep/gs3p5/seedtts_zh/00117977-00000185.wav	0.08695652173913043	环 卫 三 所 现 已 采 取 三 项 措 施 一 是 调 换 不 称 职 的 管 理 员	三   所   现   已   采   取   三   项   措   施   一   是   调   换   不   称   职   的   管   理   员	0	2	0
/opt/gpfs/users/shuai/work/block-conversion-b2/OmniVoice/results_b2_sweep/gs3p5/seedtts_zh/00118212-00000038.wav	0.05555555555555555	拼 车 将 会 是 解 决 交 通 拥 堵 非 常 有 效 的 方 式	呃   拼   车   将   会   是   解   决   交   通   拥   堵   非   常   有   效   的   方   式	1	0	0
/opt/gpfs/users/shuai/work/block-conversion-b2/OmniVoice/results_b2_sweep/gs3p5/seedtts_zh/00118212-00000062.wav	0.05	真 丝 原 料 昂 贵 资 源 有 限 对 整 理 洗 涤 的 要 求 很 高	啊   真   丝   原   料   昂   贵   资   源   有   限   对   整   理   洗   涤   的   要   求   很   高	1	0	0
/opt/gpfs/users/shuai/work/block-conversion-b2/OmniVoice/results_b2_sweep/gs3p5/seedtts_zh/00118280-00000056.wav	0.0	炎 炎 夏 日 赏 冰 雕 邯 郸 永 年 广 府 古 城 冰 雕 馆 开 放	炎   炎   夏   日   赏   冰   雕   邯   郸   永   年   广   府   古   城   冰   雕   馆   开   放	0	0	0
/opt/gpfs/users/shuai/work/block-conversion-b2/OmniVoice/results_b2_sweep/gs3p5/seedtts_zh/00118280-00000436.wav	0.0	这 时 同 事 才 发 现 小 曹 受 伤 了 走 路 一 瘸 一 拐 的	这   时   同   事   才   发   现   小   曹   受   伤   了   走   路   一   瘸   一   拐   的	0	0	0
/opt/gpfs/users/shuai/work/block-conversion-b2/OmniVoice/results_b2_sweep/gs3p5/seedtts_zh/00118473-00000016.wav	0.0	共 同 建 设 面 向 未 来 的 交 通 和 出 行 服 务 新 生 态	共   同   建   设   面   向   未   来   的   交   通   和   出   行   服   务   新   生   态	0	0	0
/opt/gpfs/users/shuai/work/block-conversion-b2/OmniVoice/results_b2_sweep/gs3p5/seedtts_zh/00118473-00000087.wav	0.0	一 副 巨 大 的 对 联 贴 在 拉 萨 市 水 泥 厂 礼 堂 的 门 柱 上	一   副   巨   大   的   对   联   贴   在   拉   萨   市   水   泥   厂   礼   堂   的   门   柱   上	0	0	0
/opt/gpfs/users/shuai/work/block-conversion-b2/OmniVoice/results_b2_sweep/gs3p5/seedtts_zh/00118616-00000009.wav	0.058823529411764705	通 过 创 新 技 术 让 未 来 出 行 更 加 安 全 高 效	啊   通   过   创   新   技   术   让   未   来   出   行   更   加   安   全   高   效	1	0	0
/opt/gpfs/users/shuai/work/block-conversion-b2/OmniVoice/results_b2_sweep/gs3p5/seedtts_zh/00118616-00000007.wav	0.0	创 业 需 要 激 情 更 需 要 强 烈 的 社 会 责 任 感	创   业   需   要   激   情   更   需   要   强   烈   的   社   会   责   任   感	0	0	0
/opt/gpfs/users/shuai/work/block-conversion-b2/OmniVoice/results_b2_sweep/gs3p5/seedtts_zh/00118631-00000336.wav	0.05	如 果 卡 扎 菲 在 选 举 中 落 败 愿 意 下 台 但 不 会 流 亡	啊   如   果   卡   扎   菲   在   选   举   中   落   败   愿   意   下   台   但   不   会   流   亡	1	0	0
/opt/gpfs/users/shuai/work/block-conversion-b2/OmniVoice/results_b2_sweep/gs3p5/seedtts_zh/00118631-00000011.wav	0.13333333333333333	自 动 驾 驶 将 大 幅 提 升 出 行 安 全 效 率	啊   自   动   驾   驶   将   大   幅   提   升   出   行   安   全   效   率   啊	2	0	0
/opt/gpfs/users/shuai/work/block-conversion-b2/OmniVoice/results_b2_sweep/gs3p5/seedtts_zh/00118699-00000174.wav	0.043478260869565216	据 说 长 城 是 从 月 球 上 肉 眼 看 到 的 极 少 的 人 造 奇 迹 之 一	啊   据   说   长   城   是   从   月   球   上   肉   眼   看   到   的   极   少   的   人   造   奇   迹   之   一	1	0	0
/opt/gpfs/users/shuai/work/block-conversion-b2/OmniVoice/results_b2_sweep/gs3p5/seedtts_zh/00118699-00000021.wav	0.10526315789473684	导 航 开 始 全 程 二 十 五 公 里 预 计 需 要 十 二 分 钟	想   开   始   全   程   二   十   五   公   里   预   计   需   要   十   二   分   钟	0	1	1
/opt/gpfs/users/shuai/work/block-conversion-b2/OmniVoice/results_b2_sweep/gs3p5/seedtts_zh/00012033-00000611.wav	0.0	把 洗 衣 粉 泡 沫 一 捞 什 么 都 看 不 出 来 了	把   洗   衣   粉   泡   沫   一   捞   什   么   都   看   不   出   来   了	0	0	0
/opt/gpfs/users/shuai/work/block-conversion-b2/OmniVoice/results_b2_sweep/gs3p5/seedtts_zh/00012033-00000049.wav	0.0	互 联 网 已 经 成 为 一 种 解 决 方 案 的 应 用 层	互   联   网   已   经   成   为   一   种   解   决   方   案   的   应   用   层	0	0	0
/opt/gpfs/users/shuai/work/block-conversion-b2/OmniVoice/results_b2_sweep/gs3p5/seedtts_zh/00122028-00000005.wav	0.0	女 性 可 以 成 为 成 功 的 科 学 家 工 程 师 和 程 序 员	女   性   可   以   成   为   成   功   的   科   学   家   工   程   师   和   程   序   员	0	0	0
/opt/gpfs/users/shuai/work/block-conversion-b2/OmniVoice/results_b2_sweep/gs3p5/seedtts_zh/00122028-00000040.wav	0.0	自 动 驾 驶 将 为 现 有 的 司 机 运 力 提 供 补 充	自   动   驾   驶   将   为   现   有   的   司   机   运   力   提   供   补   充	0	0	0
/opt/gpfs/users/shuai/work/block-conversion-b2/OmniVoice/results_b2_sweep/gs3p5/seedtts_zh/00122035-00000040.wav	0.058823529411764705	自 动 驾 驶 将 为 现 有 的 司 机 运 力 提 供 补 充	呃   自   动   驾   驶   将   为   现   有   的   司   机   运   力   提   供   补   充	1	0	0
/opt/gpfs/users/shuai/work/block-conversion-b2/OmniVoice/results_b2_sweep/gs3p5/seedtts_zh/00122035-00000044.wav	0.0	北 京 在 出 行 规 模 城 市 影 响 力 方 面 表 现 优 异	北   京   在   出   行   规   模   城   市   影   响   力   方   面   表   现   优   异	0	0	0
/opt/gpfs/users/shuai/work/block-conversion-b2/OmniVoice/results_b2_sweep/gs3p5/seedtts_zh/00122042-00000006.wav	0.043478260869565216	只 有 当 科 技 为 本 地 社 群 创 造 价 值 的 时 候 才 真 正 有 意 义	呃   只   有   当   科   技   为   本   地   社   群   创   造   价   值   的   时   候   才   真   正   有   意   义	1	0	0
/opt/gpfs/users/shuai/work/block-conversion-b2/OmniVoice/results_b2_sweep/gs3p5/seedtts_zh/00122042-00000010.wav	0.0	真 正 落 地 成 为 产 品 服 务 进 入 每 个 人 的 生 活	真   正   落   地   成   为   产   品   服   务   进   入   每   个   人   的   生   活	0	0	0
/opt/gpfs/users/shuai/work/block-conversion-b2/OmniVoice/results_b2_sweep/gs3p5/seedtts_zh/00122078-00000039.wav	0.0	全 球 每 年 有 超 过 一 百 三 十 五 万 人 因 交 通 事 故 而 死 亡	全   球   每   年   有   超   过   一   百   三   十   五   万   人   因   交   通   事   故   而   死   亡	0	0	0
/opt/gpfs/users/shuai/work/block-conversion-b2/OmniVoice/results_b2_sweep/gs3p5/seedtts_zh/00122078-00000130.wav	0.0	落 后 分 散 的 小 农 经 济 和 封 建 统 治 是 迷 信 盲 从 的 温 床	落   后   分   散   的   小   农   经   济   和   封   建   统   治   是   迷   信   盲   从   的   温   床	0	0	0
/opt/gpfs/users/shuai/work/block-conversion-b2/OmniVoice/results_b2_sweep/gs3p5/seedtts_zh/00012279-00000123.wav	0.045454545454545456	他 穿 白 色 裤 子 的 时 候 我 把 脏 泥 巴 弄 在 了 他 的 裤 子 上	啊   他   穿   白   色   裤   子   的   时   候   我   把   脏   泥   巴   弄   在   了   他   的   裤   子   上	1	0	0
/opt/gpfs/users/shuai/work/block-conversion-b2/OmniVoice/results_b2_sweep/gs3p5/seedtts_zh/00012279-00000006.wav	0.043478260869565216	只 有 当 科 技 为 本 地 社 群 创 造 价 值 的 时 候 才 真 正 有 意 义	哦   只   有   当   科   技   为   本   地   社   群   创   造   价   值   的   时   候   才   真   正   有   意   义	1	0	0
/opt/gpfs/users/shuai/work/block-conversion-b2/OmniVoice/results_b2_sweep/gs3p5/seedtts_zh/00012297-00000016.wav	0.0	共 同 建 设 面 向 未 来 的 交 通 和 出 行 服 务 新 生 态	共   同   建   设   面   向   未   来   的   交   通   和   出   行   服   务   新   生   态	0	0	0
/opt/gpfs/users/shuai/work/block-conversion-b2/OmniVoice/results_b2_sweep/gs3p5/seedtts_zh/00012297-00000029.wav	0.0	前 方 有 左 急 转 弯 请 减 速 慢 行	前   方   有   左   急   转   弯   请   减   速   慢   行	0	0	0
/opt/gpfs/users/shuai/work/block-conversion-b2/OmniVoice/results_b2_sweep/gs3p5/seedtts_zh/00012349-00000616.wav	0.058823529411764705	报 警 人 说 绑 匪 威 胁 不 准 报 案 否 则 将 撕 票	呃   报   警   人   说   绑   匪   威   胁   不   准   报   案   否   则   将   撕   票	1	0	0
/opt/gpfs/users/shuai/work/block-conversion-b2/OmniVoice/results_b2_sweep/gs3p5/seedtts_zh/00012349-00000175.wav	0.08695652173913043	该 赢 的 都 赢 了 就 连 尼 日 利 亚 胜 西 班 牙 也 不 能 算 作 冷 门	啊   该   赢   的   都   赢   了   就   连   尼   日   利   亚   圣   西   班   牙   也   不   能   算   作   冷   门	1	0	1
/opt/gpfs/users/shuai/work/block-conversion-b2/OmniVoice/results_b2_sweep/gs3p5/seedtts_zh/00012522-00000155.wav	0.09090909090909091	书 中 毛 泽 东 评 点 真 迹 的 两 百 多 幅 影 印 图 片 珍 贵 异 常	哦   书   中   毛   泽   东   评   点   真   迹   的   两   百   多   幅   影   映   图   片   珍   贵   异   常	1	0	1
/opt/gpfs/users/shuai/work/block-conversion-b2/OmniVoice/results_b2_sweep/gs3p5/seedtts_zh/00012522-00000156.wav	0.13043478260869565	家 属 在 井 口 为 矿 工 送 饭 送 干 衣 服 半 个 月 就 抢 修 元 完 毕	啊   家   属   在   井   口   为   矿   工   送   饭   送   干   衣   服   半   个   月   就   抢   修   员   完	1	1	1
/opt/gpfs/users/shuai/work/block-conversion-b2/OmniVoice/results_b2_sweep/gs3p5/seedtts_zh/00012577-00000019.wav	0.0	我 们 将 为 全 球 城 市 的 可 持 续 发 展 贡 献 力 量	我   们   将   为   全   球   城   市   的   可   持   续   发   展   贡   献   力   量	0	0	0
/opt/gpfs/users/shuai/work/block-conversion-b2/OmniVoice/results_b2_sweep/gs3p5/seedtts_zh/00012577-00000009.wav	0.0	通 过 创 新 技 术 让 未 来 出 行 更 加 安 全 高 效	通   过   创   新   技   术   让   未   来   出   行   更   加   安   全   高   效	0	0	0
/opt/gpfs/users/shuai/work/block-conversion-b2/OmniVoice/results_b2_sweep/gs3p5/seedtts_zh/00012581-00000033.wav	0.0	目 前 中 国 互 联 网 国 际 化 还 在 开 拓 阶 段	目   前   中   国   互   联   网   国   际   化   还   在   开   拓   阶   段	0	0	0
/opt/gpfs/users/shuai/work/block-conversion-b2/OmniVoice/results_b2_sweep/gs3p5/seedtts_zh/00012581-00000300.wav	0.0	小 偷 却 一 点 也 不 气 馁 继 续 在 抽 屉 里 翻 找	小   偷   却   一   点   也   不   气   馁   继   续   在   抽   屉   里   翻   找	0	0	0
Seed-TTS WER (Avg of WERs): 3.67%
WER (Weighted): 3.55%
Errors: 90.0 ins, 94.0 del, 21.0 sub / 5771 words
